Archive member included to satisfy reference by file (symbol)

c:/ac6/systemworkbench/plugins/fr.ac6.mcu.externaltools.arm-none.win32_1.17.0.201812190825/tools/compiler/bin/../lib/gcc/arm-none-eabi/7.3.1/thumb/v6-m\libgcc.a(_udivsi3.o)
                              StdPeriph_Driver/src/stm32f0xx_rcc.o (__aeabi_uidiv)
c:/ac6/systemworkbench/plugins/fr.ac6.mcu.externaltools.arm-none.win32_1.17.0.201812190825/tools/compiler/bin/../lib/gcc/arm-none-eabi/7.3.1/thumb/v6-m\libgcc.a(_dvmd_tls.o)
                              c:/ac6/systemworkbench/plugins/fr.ac6.mcu.externaltools.arm-none.win32_1.17.0.201812190825/tools/compiler/bin/../lib/gcc/arm-none-eabi/7.3.1/thumb/v6-m\libgcc.a(_udivsi3.o) (__aeabi_idiv0)
c:/ac6/systemworkbench/plugins/fr.ac6.mcu.externaltools.arm-none.win32_1.17.0.201812190825/tools/compiler/bin/../lib/gcc/arm-none-eabi/7.3.1/../../../../arm-none-eabi/lib/thumb/v6-m\libc.a(lib_a-errno.o)
                              src/syscalls.o (__errno)
c:/ac6/systemworkbench/plugins/fr.ac6.mcu.externaltools.arm-none.win32_1.17.0.201812190825/tools/compiler/bin/../lib/gcc/arm-none-eabi/7.3.1/../../../../arm-none-eabi/lib/thumb/v6-m\libc.a(lib_a-exit.o)
                              c:/ac6/systemworkbench/plugins/fr.ac6.mcu.externaltools.arm-none.win32_1.17.0.201812190825/tools/compiler/bin/../lib/gcc/arm-none-eabi/7.3.1/../../../../arm-none-eabi/lib/thumb/v6-m/crt0.o (exit)
c:/ac6/systemworkbench/plugins/fr.ac6.mcu.externaltools.arm-none.win32_1.17.0.201812190825/tools/compiler/bin/../lib/gcc/arm-none-eabi/7.3.1/../../../../arm-none-eabi/lib/thumb/v6-m\libc.a(lib_a-fclose.o)
                              Ejacqcard/src/process.o (fclose)
c:/ac6/systemworkbench/plugins/fr.ac6.mcu.externaltools.arm-none.win32_1.17.0.201812190825/tools/compiler/bin/../lib/gcc/arm-none-eabi/7.3.1/../../../../arm-none-eabi/lib/thumb/v6-m\libc.a(lib_a-fflush.o)
                              c:/ac6/systemworkbench/plugins/fr.ac6.mcu.externaltools.arm-none.win32_1.17.0.201812190825/tools/compiler/bin/../lib/gcc/arm-none-eabi/7.3.1/../../../../arm-none-eabi/lib/thumb/v6-m\libc.a(lib_a-fclose.o) (__sflush_r)
c:/ac6/systemworkbench/plugins/fr.ac6.mcu.externaltools.arm-none.win32_1.17.0.201812190825/tools/compiler/bin/../lib/gcc/arm-none-eabi/7.3.1/../../../../arm-none-eabi/lib/thumb/v6-m\libc.a(lib_a-findfp.o)
                              c:/ac6/systemworkbench/plugins/fr.ac6.mcu.externaltools.arm-none.win32_1.17.0.201812190825/tools/compiler/bin/../lib/gcc/arm-none-eabi/7.3.1/../../../../arm-none-eabi/lib/thumb/v6-m\libc.a(lib_a-fclose.o) (__sinit)
c:/ac6/systemworkbench/plugins/fr.ac6.mcu.externaltools.arm-none.win32_1.17.0.201812190825/tools/compiler/bin/../lib/gcc/arm-none-eabi/7.3.1/../../../../arm-none-eabi/lib/thumb/v6-m\libc.a(lib_a-fopen.o)
                              Ejacqcard/src/process.o (fopen)
c:/ac6/systemworkbench/plugins/fr.ac6.mcu.externaltools.arm-none.win32_1.17.0.201812190825/tools/compiler/bin/../lib/gcc/arm-none-eabi/7.3.1/../../../../arm-none-eabi/lib/thumb/v6-m\libc.a(lib_a-fread.o)
                              Ejacqcard/src/process.o (fread)
c:/ac6/systemworkbench/plugins/fr.ac6.mcu.externaltools.arm-none.win32_1.17.0.201812190825/tools/compiler/bin/../lib/gcc/arm-none-eabi/7.3.1/../../../../arm-none-eabi/lib/thumb/v6-m\libc.a(lib_a-freer.o)
                              c:/ac6/systemworkbench/plugins/fr.ac6.mcu.externaltools.arm-none.win32_1.17.0.201812190825/tools/compiler/bin/../lib/gcc/arm-none-eabi/7.3.1/../../../../arm-none-eabi/lib/thumb/v6-m\libc.a(lib_a-fclose.o) (_free_r)
c:/ac6/systemworkbench/plugins/fr.ac6.mcu.externaltools.arm-none.win32_1.17.0.201812190825/tools/compiler/bin/../lib/gcc/arm-none-eabi/7.3.1/../../../../arm-none-eabi/lib/thumb/v6-m\libc.a(lib_a-fseek.o)
                              c:/ac6/systemworkbench/plugins/fr.ac6.mcu.externaltools.arm-none.win32_1.17.0.201812190825/tools/compiler/bin/../lib/gcc/arm-none-eabi/7.3.1/../../../../arm-none-eabi/lib/thumb/v6-m\libc.a(lib_a-fopen.o) (_fseek_r)
c:/ac6/systemworkbench/plugins/fr.ac6.mcu.externaltools.arm-none.win32_1.17.0.201812190825/tools/compiler/bin/../lib/gcc/arm-none-eabi/7.3.1/../../../../arm-none-eabi/lib/thumb/v6-m\libc.a(lib_a-fseeko.o)
                              c:/ac6/systemworkbench/plugins/fr.ac6.mcu.externaltools.arm-none.win32_1.17.0.201812190825/tools/compiler/bin/../lib/gcc/arm-none-eabi/7.3.1/../../../../arm-none-eabi/lib/thumb/v6-m\libc.a(lib_a-fseek.o) (_fseeko_r)
c:/ac6/systemworkbench/plugins/fr.ac6.mcu.externaltools.arm-none.win32_1.17.0.201812190825/tools/compiler/bin/../lib/gcc/arm-none-eabi/7.3.1/../../../../arm-none-eabi/lib/thumb/v6-m\libc.a(lib_a-fstatr.o)
                              c:/ac6/systemworkbench/plugins/fr.ac6.mcu.externaltools.arm-none.win32_1.17.0.201812190825/tools/compiler/bin/../lib/gcc/arm-none-eabi/7.3.1/../../../../arm-none-eabi/lib/thumb/v6-m\libc.a(lib_a-fseeko.o) (_fstat_r)
[...]
Memory Configuration

Name             Origin             Length             Attributes
FLASH            0x08000000         0x00010000         xr
RAM              0x20000000         0x00002000         xrw
MEMORY_B1        0x60000000         0x00000000         xr
*default*        0x00000000         0xffffffff

Linker script and memory map

LOAD c:/ac6/systemworkbench/plugins/fr.ac6.mcu.externaltools.arm-none.win32_1.17.0.201812190825/tools/compiler/bin/../lib/gcc/arm-none-eabi/7.3.1/thumb/v6-m/crti.o
LOAD c:/ac6/systemworkbench/plugins/fr.ac6.mcu.externaltools.arm-none.win32_1.17.0.201812190825/tools/compiler/bin/../lib/gcc/arm-none-eabi/7.3.1/thumb/v6-m/crtbegin.o
LOAD c:/ac6/systemworkbench/plugins/fr.ac6.mcu.externaltools.arm-none.win32_1.17.0.201812190825/tools/compiler/bin/../lib/gcc/arm-none-eabi/7.3.1/../../../../arm-none-eabi/lib/thumb/v6-m/crt0.o
LOAD Ejacqcard/src/comm.o
LOAD Ejacqcard/src/display.o
LOAD Ejacqcard/src/keypad.o
LOAD Ejacqcard/src/process.o
LOAD Ejacqcard/src/usb.o
LOAD StdPeriph_Driver/src/stm32f0xx_adc.o
LOAD StdPeriph_Driver/src/stm32f0xx_cec.o
LOAD StdPeriph_Driver/src/stm32f0xx_comp.o
LOAD StdPeriph_Driver/src/stm32f0xx_crc.o
LOAD StdPeriph_Driver/src/stm32f0xx_dac.o
LOAD StdPeriph_Driver/src/stm32f0xx_dbgmcu.o
LOAD StdPeriph_Driver/src/stm32f0xx_dma.o
LOAD StdPeriph_Driver/src/stm32f0xx_exti.o
LOAD StdPeriph_Driver/src/stm32f0xx_flash.o
LOAD StdPeriph_Driver/src/stm32f0xx_gpio.o
LOAD StdPeriph_Driver/src/stm32f0xx_i2c.o
LOAD StdPeriph_Driver/src/stm32f0xx_iwdg.o
LOAD StdPeriph_Driver/src/stm32f0xx_misc.o
LOAD StdPeriph_Driver/src/stm32f0xx_pwr.o
LOAD StdPeriph_Driver/src/stm32f0xx_rcc.o
LOAD StdPeriph_Driver/src/stm32f0xx_rtc.o
LOAD StdPeriph_Driver/src/stm32f0xx_spi.o
LOAD StdPeriph_Driver/src/stm32f0xx_syscfg.o
LOAD StdPeriph_Driver/src/stm32f0xx_tim.o
LOAD StdPeriph_Driver/src/stm32f0xx_usart.o
LOAD StdPeriph_Driver/src/stm32f0xx_wwdg.o
LOAD Utilities/stm32f0308_discovery.o
LOAD src/main.o
LOAD src/syscalls.o
LOAD src/system_stm32f0xx.o
LOAD startup/startup_stm32f030x8.o
LOAD c:/ac6/systemworkbench/plugins/fr.ac6.mcu.externaltools.arm-none.win32_1.17.0.201812190825/tools/compiler/bin/../lib/gcc/arm-none-eabi/7.3.1/../../../../arm-none-eabi/lib/thumb/v6-m\libstdc++.a
LOAD c:/ac6/systemworkbench/plugins/fr.ac6.mcu.externaltools.arm-none.win32_1.17.0.201812190825/tools/compiler/bin/../lib/gcc/arm-none-eabi/7.3.1/../../../../arm-none-eabi/lib/thumb/v6-m\libm.a
START GROUP
LOAD c:/ac6/systemworkbench/plugins/fr.ac6.mcu.externaltools.arm-none.win32_1.17.0.201812190825/tools/compiler/bin/../lib/gcc/arm-none-eabi/7.3.1/thumb/v6-m\libgcc.a
LOAD c:/ac6/systemworkbench/plugins/fr.ac6.mcu.externaltools.arm-none.win32_1.17.0.201812190825/tools/compiler/bin/../lib/gcc/arm-none-eabi/7.3.1/../../../../arm-none-eabi/lib/thumb/v6-m\libc.a
END GROUP
LOAD c:/ac6/systemworkbench/plugins/fr.ac6.mcu.externaltools.arm-none.win32_1.17.0.201812190825/tools/compiler/bin/../lib/gcc/arm-none-eabi/7.3.1/thumb/v6-m/crtend.o
LOAD c:/ac6/systemworkbench/plugins/fr.ac6.mcu.externaltools.arm-none.win32_1.17.0.201812190825/tools/compiler/bin/../lib/gcc/arm-none-eabi/7.3.1/thumb/v6-m/crtn.o
                0x20002000                _estack = 0x20002000
                0x00000200                _Min_Heap_Size = 0x200
                0x00000400                _Min_Stack_Size = 0x400

.isr_vector     0x08000000       0xc4
                0x08000000                . = ALIGN (0x4)
 *(.isr_vector)
 .isr_vector    0x08000000       0xc4 startup/startup_stm32f030x8.o
                0x08000000                g_pfnVectors
                0x080000c4                . = ALIGN (0x4)

.text           0x080000c4     0x93fc
                0x080000c4                . = ALIGN (0x4)
 *(.text)
 .text          0x080000c4       0x48 c:/ac6/systemworkbench/plugins/fr.ac6.mcu.externaltools.arm-none.win32_1.17.0.201812190825/tools/compiler/bin/../lib/gcc/arm-none-eabi/7.3.1/thumb/v6-m/crtbegin.o
 .text          0x0800010c      0x114 c:/ac6/systemworkbench/plugins/fr.ac6.mcu.externaltools.arm-none.win32_1.17.0.201812190825/tools/compiler/bin/../lib/gcc/arm-none-eabi/7.3.1/thumb/v6-m\libgcc.a(_udivsi3.o)
                0x0800010c                __aeabi_uidiv
                0x0800010c                __udivsi3
                0x08000218                __aeabi_uidivmod
 .text          0x08000220        0x4 c:/ac6/systemworkbench/plugins/fr.ac6.mcu.externaltools.arm-none.win32_1.17.0.201812190825/tools/compiler/bin/../lib/gcc/arm-none-eabi/7.3.1/thumb/v6-m\libgcc.a(_dvmd_tls.o)
                0x08000220                __aeabi_idiv0
                0x08000220                __aeabi_ldiv0
 .text          0x08000224      0x1d4 c:/ac6/systemworkbench/plugins/fr.ac6.mcu.externaltools.arm-none.win32_1.17.0.201812190825/tools/compiler/bin/../lib/gcc/arm-none-eabi/7.3.1/thumb/v6-m\libgcc.a(_divsi3.o)
                0x08000224                __divsi3
                0x08000224                __aeabi_idiv
                0x080003f0                __aeabi_idivmod
 .text          0x080003f8       0x7c c:/ac6/systemworkbench/plugins/fr.ac6.mcu.externaltools.arm-none.win32_1.17.0.201812190825/tools/compiler/bin/../lib/gcc/arm-none-eabi/7.3.1/thumb/v6-m\libgcc.a(_arm_cmpdf2.o)
                0x080003f8                __aeabi_cdrcmple
                0x08000408                __aeabi_cdcmple
                0x08000408                __aeabi_cdcmpeq
                0x08000418                __aeabi_dcmpeq
                0x08000424                __aeabi_dcmplt
                0x08000438                __aeabi_dcmple
                0x0800044c                __aeabi_dcmpgt
                0x08000460                __aeabi_dcmpge
 .text          0x08000474       0x40 c:/ac6/systemworkbench/plugins/fr.ac6.mcu.externaltools.arm-none.win32_1.17.0.201812190825/tools/compiler/bin/../lib/gcc/arm-none-eabi/7.3.1/thumb/v6-m\libgcc.a(_aeabi_uldivmod.o)
                0x08000474                __aeabi_uldivmod
 .text          0x080004b4      0x184 c:/ac6/systemworkbench/plugins/fr.ac6.mcu.externaltools.arm-none.win32_1.17.0.201812190825/tools/compiler/bin/../lib/gcc/arm-none-eabi/7.3.1/thumb/v6-m\libgcc.a(_udivmoddi4.o)
                0x080004b4                __udivmoddi4
 .text          0x08000638      0x638 c:/ac6/systemworkbench/plugins/fr.ac6.mcu.externaltools.arm-none.win32_1.17.0.201812190825/tools/compiler/bin/../lib/gcc/arm-none-eabi/7.3.1/thumb/v6-m\libgcc.a(adddf3.o)
                0x08000638                __aeabi_dadd
 .text          0x08000c70      0x604 c:/ac6/systemworkbench/plugins/fr.ac6.mcu.externaltools.arm-none.win32_1.17.0.201812190825/tools/compiler/bin/../lib/gcc/arm-none-eabi/7.3.1/thumb/v6-m\libgcc.a(divdf3.o)
                0x08000c70                __aeabi_ddiv
 .text          0x08001274       0x78 c:/ac6/systemworkbench/plugins/fr.ac6.mcu.externaltools.arm-none.win32_1.17.0.201812190825/tools/compiler/bin/../lib/gcc/arm-none-eabi/7.3.1/thumb/v6-m\libgcc.a(eqdf2.o)
                0x08001274                __nedf2
                0x08001274                __eqdf2
 .text          0x080012ec       0xc8 c:/ac6/systemworkbench/plugins/fr.ac6.mcu.externaltools.arm-none.win32_1.17.0.201812190825/tools/compiler/bin/../lib/gcc/arm-none-eabi/7.3.1/thumb/v6-m\libgcc.a(gedf2.o)
                0x080012ec                __gedf2
                0x080012ec                __gtdf2
 .text          0x080013b4       0xd0 c:/ac6/systemworkbench/plugins/fr.ac6.mcu.externaltools.arm-none.win32_1.17.0.201812190825/tools/compiler/bin/../lib/gcc/arm-none-eabi/7.3.1/thumb/v6-m\libgcc.a(ledf2.o)
                0x080013b4                __ledf2
                0x080013b4                __ltdf2
 .text          0x08001484      0x4e4 c:/ac6/systemworkbench/plugins/fr.ac6.mcu.externaltools.arm-none.win32_1.17.0.201812190825/tools/compiler/bin/../lib/gcc/arm-none-eabi/7.3.1/thumb/v6-m\libgcc.a(muldf3.o)
                0x08001484                __aeabi_dmul
 .text          0x08001968      0x690 c:/ac6/systemworkbench/plugins/fr.ac6.mcu.externaltools.arm-none.win32_1.17.0.201812190825/tools/compiler/bin/../lib/gcc/arm-none-eabi/7.3.1/thumb/v6-m\libgcc.a(subdf3.o)
                0x08001968                __aeabi_dsub
 .text          0x08001ff8       0x38 c:/ac6/systemworkbench/plugins/fr.ac6.mcu.externaltools.arm-none.win32_1.17.0.201812190825/tools/compiler/bin/../lib/gcc/arm-none-eabi/7.3.1/thumb/v6-m\libgcc.a(unorddf2.o)
                0x08001ff8                __aeabi_dcmpun
 .text          0x08002030       0x6c c:/ac6/systemworkbench/plugins/fr.ac6.mcu.externaltools.arm-none.win32_1.17.0.201812190825/tools/compiler/bin/../lib/gcc/arm-none-eabi/7.3.1/thumb/v6-m\libgcc.a(fixdfsi.o)
                0x08002030                __aeabi_d2iz
 .text          0x0800209c       0x74 c:/ac6/systemworkbench/plugins/fr.ac6.mcu.externaltools.arm-none.win32_1.17.0.201812190825/tools/compiler/bin/../lib/gcc/arm-none-eabi/7.3.1/thumb/v6-m\libgcc.a(floatsidf.o)
                0x0800209c                __aeabi_i2d
 .text          0x08002110       0x64 c:/ac6/systemworkbench/plugins/fr.ac6.mcu.externaltools.arm-none.win32_1.17.0.201812190825/tools/compiler/bin/../lib/gcc/arm-none-eabi/7.3.1/thumb/v6-m\libgcc.a(floatunsidf.o)
                0x08002110                __aeabi_ui2d
 .text          0x08002174       0x3c c:/ac6/systemworkbench/plugins/fr.ac6.mcu.externaltools.arm-none.win32_1.17.0.201812190825/tools/compiler/bin/../lib/gcc/arm-none-eabi/7.3.1/thumb/v6-m\libgcc.a(_clzsi2.o)
                0x08002174                __clzsi2
 .text          0x080021b0       0x18 c:/ac6/systemworkbench/plugins/fr.ac6.mcu.externaltools.arm-none.win32_1.17.0.201812190825/tools/compiler/bin/../lib/gcc/arm-none-eabi/7.3.1/thumb/v6-m\libgcc.a(_clzdi2.o)
                0x080021b0                __clzdi2
 *(.text*)
 .text.USART1_InitMode
                0x080021c8       0xe4 Ejacqcard/src/comm.o
                0x080021c8                USART1_InitMode
 .text.USART1_IRQHandler
                0x080022ac       0x48 Ejacqcard/src/comm.o
                0x080022ac                USART1_IRQHandler
 .text.comm_send_data
                0x080022f4       0x68 Ejacqcard/src/comm.o
                0x080022f4                comm_send_data
 .text.comm_process_cmd
                0x0800235c      0x110 Ejacqcard/src/comm.o
                0x0800235c                comm_process_cmd
 .text.delayMs  0x0800246c       0x32 Ejacqcard/src/display.o
                0x0800246c                delayMs
 *fill*         0x0800249e        0x2 
 .text.LCDGpio_Init
                0x080024a0       0x58 Ejacqcard/src/display.o
                0x080024a0                LCDGpio_Init
 .text.LCD_nibble_Write
                0x080024f8       0x6c Ejacqcard/src/display.o
                0x080024f8                LCD_nibble_Write
 .text.LCD_command
                0x08002564       0x4c Ejacqcard/src/display.o
                0x08002564                LCD_command
 .text.LCD_data
                0x080025b0       0x3c Ejacqcard/src/display.o
                0x080025b0                LCD_data
 .text.LCD_Init
                0x080025ec       0x70 Ejacqcard/src/display.o
 .text.display_init
                0x0800265c       0x30 Ejacqcard/src/display.o
                0x0800265c                display_init
 .text.display1_clear
                0x0800268c       0x28 Ejacqcard/src/display.o
                0x0800268c                display1_clear
 .text.display_lines
                0x080026b4      0x254 Ejacqcard/src/display.o
                0x080026b4                display_lines
 .text.display_file
                0x08002908       0x7a Ejacqcard/src/display.o
                0x08002908                display_file
 .text.displayFilenames
                0x08002982       0x74 Ejacqcard/src/display.o
                0x08002982                displayFilenames
 .text.keypad_init
                0x080029f6       0x14 Ejacqcard/src/keypad.o
                0x080029f6                keypad_init
 *fill*         0x08002a0a        0x2 
 .text.LoadBitmapFile
                0x08002a0c       0xfc Ejacqcard/src/process.o
 .text.process_display_lines
                0x08002b08       0x64 Ejacqcard/src/process.o
 .text.process_init
                0x08002b6c       0xe8 Ejacqcard/src/process.o
                0x08002b6c                process_init
 .text.NVIC_EnableIRQ
                0x08002c54       0x2c Ejacqcard/src/usb.o
 .text.NVIC_SetPriority
                0x08002c80       0xdc Ejacqcard/src/usb.o
 .text.gpioSwitchinit
                0x08002d5c       0xc8 Ejacqcard/src/usb.o
                0x08002d5c                gpioSwitchinit
 .text.usb_init
                0x08002e24       0x28 Ejacqcard/src/usb.o
                0x08002e24                usb_init
 .text.EXTI0_1_IRQHandler
                0x08002e4c       0x4c Ejacqcard/src/usb.o
                0x08002e4c                EXTI0_1_IRQHandler
 .text.usb_process_files
                0x08002e98       0x74 Ejacqcard/src/usb.o
                0x08002e98                usb_process_files
 .text.usb_scroll_up
                0x08002f0c       0x30 Ejacqcard/src/usb.o
                0x08002f0c                usb_scroll_up
 .text.GPIO_Init
                0x08002f3c      0x126 StdPeriph_Driver/src/stm32f0xx_gpio.o
                0x08002f3c                GPIO_Init
 .text.GPIO_PinAFConfig
                0x08003062       0xa4 StdPeriph_Driver/src/stm32f0xx_gpio.o
                0x08003062                GPIO_PinAFConfig
 *fill*         0x08003106        0x2 
 .text.NVIC_Init
                0x08003108       0xac StdPeriph_Driver/src/stm32f0xx_misc.o
                0x08003108                NVIC_Init
 .text.RCC_GetClocksFreq
                0x080031b4      0x1e8 StdPeriph_Driver/src/stm32f0xx_rcc.o
                0x080031b4                RCC_GetClocksFreq
 .text.RCC_AHBPeriphClockCmd
                0x0800339c       0x40 StdPeriph_Driver/src/stm32f0xx_rcc.o
                0x0800339c                RCC_AHBPeriphClockCmd
 .text.RCC_APB2PeriphClockCmd
                0x080033dc       0x40 StdPeriph_Driver/src/stm32f0xx_rcc.o
                0x080033dc                RCC_APB2PeriphClockCmd
 .text.USART_Init
                0x0800341c      0x160 StdPeriph_Driver/src/stm32f0xx_usart.o
                0x0800341c                USART_Init
 .text.USART_Cmd
                0x0800357c       0x3a StdPeriph_Driver/src/stm32f0xx_usart.o
                0x0800357c                USART_Cmd
 .text.USART_SendData
                0x080035b6       0x24 StdPeriph_Driver/src/stm32f0xx_usart.o
                0x080035b6                USART_SendData
 .text.USART_ReceiveData
                0x080035da       0x1c StdPeriph_Driver/src/stm32f0xx_usart.o
                0x080035da                USART_ReceiveData
 .text.USART_ITConfig
                0x080035f6       0x84 StdPeriph_Driver/src/stm32f0xx_usart.o
                0x080035f6                USART_ITConfig
 .text.USART_GetFlagStatus
                0x0800367a       0x3c StdPeriph_Driver/src/stm32f0xx_usart.o
                0x0800367a                USART_GetFlagStatus
 .text.USART_GetITStatus
                0x080036b6       0xae StdPeriph_Driver/src/stm32f0xx_usart.o
                0x080036b6                USART_GetITStatus
 .text.main     0x08003764       0x7c src/main.o
                0x08003764                main
 .text._read    0x080037e0       0x3a src/syscalls.o
                0x080037e0                _read
 .text._write   0x0800381a       0x38 src/syscalls.o
                0x0800381a                _write
 *fill*         0x08003852        0x2 
 .text._sbrk    0x08003854       0x58 src/syscalls.o
                0x08003854                _sbrk
 .text._close   0x080038ac       0x14 src/syscalls.o
                0x080038ac                _close
 .text._fstat   0x080038c0       0x1c src/syscalls.o
                0x080038c0                _fstat
 .text._isatty  0x080038dc       0x12 src/syscalls.o
                0x080038dc                _isatty
 .text._lseek   0x080038ee       0x16 src/syscalls.o
                0x080038ee                _lseek
 .text._open    0x08003904       0x1c src/syscalls.o
                0x08003904                _open
 .text.SystemInit
                0x08003920       0x8c src/system_stm32f0xx.o
                0x08003920                SystemInit
 .text.SetSysClock
                0x080039ac       0x94 src/system_stm32f0xx.o
 .text.Reset_Handler
                0x08003a40       0x50 startup/startup_stm32f030x8.o
                0x08003a40                Reset_Handler
 .text.Default_Handler
                0x08003a90        0x2 startup/startup_stm32f030x8.o
                0x08003a90                TIM1_CC_IRQHandler
                0x08003a90                HardFault_Handler
                0x08003a90                ADC1_COMP_IRQHandler
                0x08003a90                SysTick_Handler
                0x08003a90                PVD_IRQHandler
                0x08003a90                PendSV_Handler
                0x08003a90                NMI_Handler
                0x08003a90                I2C1_IRQHandler
                0x08003a90                SPI1_IRQHandler
                0x08003a90                TIM6_DAC_IRQHandler
                0x08003a90                EXTI2_3_IRQHandler
                0x08003a90                I2C2_IRQHandler
                0x08003a90                TIM17_IRQHandler
                0x08003a90                RTC_IRQHandler
                0x08003a90                TIM16_IRQHandler
                0x08003a90                TIM3_IRQHandler
                0x08003a90                EXTI4_15_IRQHandler
                0x08003a90                RCC_IRQHandler
                0x08003a90                DMA1_Channel1_IRQHandler
                0x08003a90                Default_Handler
                0x08003a90                CEC_IRQHandler
                0x08003a90                TIM14_IRQHandler
                0x08003a90                DMA1_Channel4_5_IRQHandler
                0x08003a90                TIM15_IRQHandler
                0x08003a90                SPI2_IRQHandler
                0x08003a90                SVC_Handler
                0x08003a90                TS_IRQHandler
                0x08003a90                WWDG_IRQHandler
                0x08003a90                TIM2_IRQHandler
                0x08003a90                DMA1_Channel2_3_IRQHandler
                0x08003a90                USART2_IRQHandler
                0x08003a90                FLASH_IRQHandler
                0x08003a90                TIM1_BRK_UP_TRG_COM_IRQHandler
 *fill*         0x08003a92        0x2 
 .text.__errno  0x08003a94        0xc c:/ac6/systemworkbench/plugins/fr.ac6.mcu.externaltools.arm-none.win32_1.17.0.201812190825/tools/compiler/bin/../lib/gcc/arm-none-eabi/7.3.1/../../../../arm-none-eabi/lib/thumb/v6-m\libc.a(lib_a-errno.o)
                0x08003a94                __errno
 .text._fclose_r
                0x08003aa0       0xd8 c:/ac6/systemworkbench/plugins/fr.ac6.mcu.externaltools.arm-none.win32_1.17.0.201812190825/tools/compiler/bin/../lib/gcc/arm-none-eabi/7.3.1/../../../../arm-none-eabi/lib/thumb/v6-m\libc.a(lib_a-fclose.o)
                0x08003aa0                _fclose_r
 .text.fclose   0x08003b78       0x14 c:/ac6/systemworkbench/plugins/fr.ac6.mcu.externaltools.arm-none.win32_1.17.0.201812190825/tools/compiler/bin/../lib/gcc/arm-none-eabi/7.3.1/../../../../arm-none-eabi/lib/thumb/v6-m\libc.a(lib_a-fclose.o)
                0x08003b78                fclose
 .text.__sflush_r
                0x08003b8c      0x150 c:/ac6/systemworkbench/plugins/fr.ac6.mcu.externaltools.arm-none.win32_1.17.0.201812190825/tools/compiler/bin/../lib/gcc/arm-none-eabi/7.3.1/../../../../arm-none-eabi/lib/thumb/v6-m\libc.a(lib_a-fflush.o)
                0x08003b8c                __sflush_r
 .text._fflush_r
                0x08003cdc       0x54 c:/ac6/systemworkbench/plugins/fr.ac6.mcu.externaltools.arm-none.win32_1.17.0.201812190825/tools/compiler/bin/../lib/gcc/arm-none-eabi/7.3.1/../../../../arm-none-eabi/lib/thumb/v6-m\libc.a(lib_a-fflush.o)
                0x08003cdc                _fflush_r
 .text.fflush   0x08003d30       0x28 c:/ac6/systemworkbench/plugins/fr.ac6.mcu.externaltools.arm-none.win32_1.17.0.201812190825/tools/compiler/bin/../lib/gcc/arm-none-eabi/7.3.1/../../../../arm-none-eabi/lib/thumb/v6-m\libc.a(lib_a-fflush.o)
                0x08003d30                fflush
 .text.std      0x08003d58       0x50 c:/ac6/systemworkbench/plugins/fr.ac6.mcu.externaltools.arm-none.win32_1.17.0.201812190825/tools/compiler/bin/../lib/gcc/arm-none-eabi/7.3.1/../../../../arm-none-eabi/lib/thumb/v6-m\libc.a(lib_a-findfp.o)
 .text._cleanup_r
                0x08003da8       0x10 c:/ac6/systemworkbench/plugins/fr.ac6.mcu.externaltools.arm-none.win32_1.17.0.201812190825/tools/compiler/bin/../lib/gcc/arm-none-eabi/7.3.1/../../../../arm-none-eabi/lib/thumb/v6-m\libc.a(lib_a-findfp.o)
                0x08003da8                _cleanup_r
 .text.__sfmoreglue
                0x08003db8       0x30 c:/ac6/systemworkbench/plugins/fr.ac6.mcu.externaltools.arm-none.win32_1.17.0.201812190825/tools/compiler/bin/../lib/gcc/arm-none-eabi/7.3.1/../../../../arm-none-eabi/lib/thumb/v6-m\libc.a(lib_a-findfp.o)
                0x08003db8                __sfmoreglue
 .text.__sinit  0x08003de8       0x60 c:/ac6/systemworkbench/plugins/fr.ac6.mcu.externaltools.arm-none.win32_1.17.0.201812190825/tools/compiler/bin/../lib/gcc/arm-none-eabi/7.3.1/../../../../arm-none-eabi/lib/thumb/v6-m\libc.a(lib_a-findfp.o)
                0x08003de8                __sinit
 .text.__sfp    0x08003e48       0xac c:/ac6/systemworkbench/plugins/fr.ac6.mcu.externaltools.arm-none.win32_1.17.0.201812190825/tools/compiler/bin/../lib/gcc/arm-none-eabi/7.3.1/../../../../arm-none-eabi/lib/thumb/v6-m\libc.a(lib_a-findfp.o)
                0x08003e48                __sfp
 .text.__sfp_lock_acquire
                0x08003ef4       0x10 c:/ac6/systemworkbench/plugins/fr.ac6.mcu.externaltools.arm-none.win32_1.17.0.201812190825/tools/compiler/bin/../lib/gcc/arm-none-eabi/7.3.1/../../../../arm-none-eabi/lib/thumb/v6-m\libc.a(lib_a-findfp.o)
                0x08003ef4                __sfp_lock_acquire
 .text.__sfp_lock_release
                0x08003f04       0x10 c:/ac6/systemworkbench/plugins/fr.ac6.mcu.externaltools.arm-none.win32_1.17.0.201812190825/tools/compiler/bin/../lib/gcc/arm-none-eabi/7.3.1/../../../../arm-none-eabi/lib/thumb/v6-m\libc.a(lib_a-findfp.o)
                0x08003f04                __sfp_lock_release
 .text._fopen_r
                0x08003f14       0xac c:/ac6/systemworkbench/plugins/fr.ac6.mcu.externaltools.arm-none.win32_1.17.0.201812190825/tools/compiler/bin/../lib/gcc/arm-none-eabi/7.3.1/../../../../arm-none-eabi/lib/thumb/v6-m\libc.a(lib_a-fopen.o)
                0x08003f14                _fopen_r
 .text.fopen    0x08003fc0       0x18 c:/ac6/systemworkbench/plugins/fr.ac6.mcu.externaltools.arm-none.win32_1.17.0.201812190825/tools/compiler/bin/../lib/gcc/arm-none-eabi/7.3.1/../../../../arm-none-eabi/lib/thumb/v6-m\libc.a(lib_a-fopen.o)
                0x08003fc0                fopen
 .text._fread_r
                0x08003fd8      0x1e4 c:/ac6/systemworkbench/plugins/fr.ac6.mcu.externaltools.arm-none.win32_1.17.0.201812190825/tools/compiler/bin/../lib/gcc/arm-none-eabi/7.3.1/../../../../arm-none-eabi/lib/thumb/v6-m\libc.a(lib_a-fread.o)
                0x08003fd8                _fread_r
 .text.fread    0x080041bc       0x20 c:/ac6/systemworkbench/plugins/fr.ac6.mcu.externaltools.arm-none.win32_1.17.0.201812190825/tools/compiler/bin/../lib/gcc/arm-none-eabi/7.3.1/../../../../arm-none-eabi/lib/thumb/v6-m\libc.a(lib_a-fread.o)
                0x080041bc                fread
 .text._malloc_trim_r
                0x080041dc       0xa0 c:/ac6/systemworkbench/plugins/fr.ac6.mcu.externaltools.arm-none.win32_1.17.0.201812190825/tools/compiler/bin/../lib/gcc/arm-none-eabi/7.3.1/../../../../arm-none-eabi/lib/thumb/v6-m\libc.a(lib_a-freer.o)
                0x080041dc                _malloc_trim_r
 .text._free_r  0x0800427c      0x1d4 c:/ac6/systemworkbench/plugins/fr.ac6.mcu.externaltools.arm-none.win32_1.17.0.201812190825/tools/compiler/bin/../lib/gcc/arm-none-eabi/7.3.1/../../../../arm-none-eabi/lib/thumb/v6-m\libc.a(lib_a-freer.o)
                0x0800427c                _free_r
 .text._fseek_r
                0x08004450        0x8 c:/ac6/systemworkbench/plugins/fr.ac6.mcu.externaltools.arm-none.win32_1.17.0.201812190825/tools/compiler/bin/../lib/gcc/arm-none-eabi/7.3.1/../../../../arm-none-eabi/lib/thumb/v6-m\libc.a(lib_a-fseek.o)
                0x08004450                _fseek_r
 .text.fseek    0x08004458       0x18 c:/ac6/systemworkbench/plugins/fr.ac6.mcu.externaltools.arm-none.win32_1.17.0.201812190825/tools/compiler/bin/../lib/gcc/arm-none-eabi/7.3.1/../../../../arm-none-eabi/lib/thumb/v6-m\libc.a(lib_a-fseek.o)
                0x08004458                fseek
 .text._fseeko_r
                0x08004470      0x338 c:/ac6/systemworkbench/plugins/fr.ac6.mcu.externaltools.arm-none.win32_1.17.0.201812190825/tools/compiler/bin/../lib/gcc/arm-none-eabi/7.3.1/../../../../arm-none-eabi/lib/thumb/v6-m\libc.a(lib_a-fseeko.o)
                0x08004470                _fseeko_r
 .text._fstat_r
                0x080047a8       0x28 c:/ac6/systemworkbench/plugins/fr.ac6.mcu.externaltools.arm-none.win32_1.17.0.201812190825/tools/compiler/bin/../lib/gcc/arm-none-eabi/7.3.1/../../../../arm-none-eabi/lib/thumb/v6-m\libc.a(lib_a-fstatr.o)
                0x080047a8                _fstat_r
 .text._fwalk   0x080047d0       0x44 c:/ac6/systemworkbench/plugins/fr.ac6.mcu.externaltools.arm-none.win32_1.17.0.201812190825/tools/compiler/bin/../lib/gcc/arm-none-eabi/7.3.1/../../../../arm-none-eabi/lib/thumb/v6-m\libc.a(lib_a-fwalk.o)
                0x080047d0                _fwalk
 .text._fwalk_reent
                0x08004814       0x4c c:/ac6/systemworkbench/plugins/fr.ac6.mcu.externaltools.arm-none.win32_1.17.0.201812190825/tools/compiler/bin/../lib/gcc/arm-none-eabi/7.3.1/../../../../arm-none-eabi/lib/thumb/v6-m\libc.a(lib_a-fwalk.o)
                0x08004814                _fwalk_reent
 .text.__libc_init_array
                0x08004860       0x48 c:/ac6/systemworkbench/plugins/fr.ac6.mcu.externaltools.arm-none.win32_1.17.0.201812190825/tools/compiler/bin/../lib/gcc/arm-none-eabi/7.3.1/../../../../arm-none-eabi/lib/thumb/v6-m\libc.a(lib_a-init.o)
                0x08004860                __libc_init_array
 .text.__retarget_lock_init_recursive
                0x080048a8        0x4 c:/ac6/systemworkbench/plugins/fr.ac6.mcu.externaltools.arm-none.win32_1.17.0.201812190825/tools/compiler/bin/../lib/gcc/arm-none-eabi/7.3.1/../../../../arm-none-eabi/lib/thumb/v6-m\libc.a(lib_a-lock.o)
                0x080048a8                __retarget_lock_init_recursive
 .text.__retarget_lock_close_recursive
                0x080048ac        0x4 c:/ac6/systemworkbench/plugins/fr.ac6.mcu.externaltools.arm-none.win32_1.17.0.201812190825/tools/compiler/bin/../lib/gcc/arm-none-eabi/7.3.1/../../../../arm-none-eabi/lib/thumb/v6-m\libc.a(lib_a-lock.o)
                0x080048ac                __retarget_lock_close_recursive
 .text.__retarget_lock_acquire_recursive
                0x080048b0        0x4 c:/ac6/systemworkbench/plugins/fr.ac6.mcu.externaltools.arm-none.win32_1.17.0.201812190825/tools/compiler/bin/../lib/gcc/arm-none-eabi/7.3.1/../../../../arm-none-eabi/lib/thumb/v6-m\libc.a(lib_a-lock.o)
                0x080048b0                __retarget_lock_acquire_recursive
 .text.__retarget_lock_release_recursive
                0x080048b4        0x4 c:/ac6/systemworkbench/plugins/fr.ac6.mcu.externaltools.arm-none.win32_1.17.0.201812190825/tools/compiler/bin/../lib/gcc/arm-none-eabi/7.3.1/../../../../arm-none-eabi/lib/thumb/v6-m\libc.a(lib_a-lock.o)
                0x080048b4                __retarget_lock_release_recursive
 .text.__swhatbuf_r
                0x080048b8       0x60 c:/ac6/systemworkbench/plugins/fr.ac6.mcu.externaltools.arm-none.win32_1.17.0.201812190825/tools/compiler/bin/../lib/gcc/arm-none-eabi/7.3.1/../../../../arm-none-eabi/lib/thumb/v6-m\libc.a(lib_a-makebuf.o)
                0x080048b8                __swhatbuf_r
 .text.__smakebuf_r
                0x08004918       0x90 c:/ac6/systemworkbench/plugins/fr.ac6.mcu.externaltools.arm-none.win32_1.17.0.201812190825/tools/compiler/bin/../lib/gcc/arm-none-eabi/7.3.1/../../../../arm-none-eabi/lib/thumb/v6-m\libc.a(lib_a-makebuf.o)
                0x08004918                __smakebuf_r
 .text.malloc   0x080049a8       0x14 c:/ac6/systemworkbench/plugins/fr.ac6.mcu.externaltools.arm-none.win32_1.17.0.201812190825/tools/compiler/bin/../lib/gcc/arm-none-eabi/7.3.1/../../../../arm-none-eabi/lib/thumb/v6-m\libc.a(lib_a-malloc.o)
                0x080049a8                malloc
 .text.free     0x080049bc       0x14 c:/ac6/systemworkbench/plugins/fr.ac6.mcu.externaltools.arm-none.win32_1.17.0.201812190825/tools/compiler/bin/../lib/gcc/arm-none-eabi/7.3.1/../../../../arm-none-eabi/lib/thumb/v6-m\libc.a(lib_a-malloc.o)
                0x080049bc                free
 .text._malloc_r
                0x080049d0      0x554 c:/ac6/systemworkbench/plugins/fr.ac6.mcu.externaltools.arm-none.win32_1.17.0.201812190825/tools/compiler/bin/../lib/gcc/arm-none-eabi/7.3.1/../../../../arm-none-eabi/lib/thumb/v6-m\libc.a(lib_a-mallocr.o)
                0x080049d0                _malloc_r
 .text.memcpy   0x08004f24       0x88 c:/ac6/systemworkbench/plugins/fr.ac6.mcu.externaltools.arm-none.win32_1.17.0.201812190825/tools/compiler/bin/../lib/gcc/arm-none-eabi/7.3.1/../../../../arm-none-eabi/lib/thumb/v6-m\libc.a(lib_a-memcpy-stub.o)
                0x08004f24                memcpy
 .text.memset   0x08004fac       0x9c c:/ac6/systemworkbench/plugins/fr.ac6.mcu.externaltools.arm-none.win32_1.17.0.201812190825/tools/compiler/bin/../lib/gcc/arm-none-eabi/7.3.1/../../../../arm-none-eabi/lib/thumb/v6-m\libc.a(lib_a-memset.o)
                0x08004fac                memset
 .text.__malloc_lock
                0x08005048       0x10 c:/ac6/systemworkbench/plugins/fr.ac6.mcu.externaltools.arm-none.win32_1.17.0.201812190825/tools/compiler/bin/../lib/gcc/arm-none-eabi/7.3.1/../../../../arm-none-eabi/lib/thumb/v6-m\libc.a(lib_a-mlock.o)
                0x08005048                __malloc_lock
 .text.__malloc_unlock
                0x08005058       0x10 c:/ac6/systemworkbench/plugins/fr.ac6.mcu.externaltools.arm-none.win32_1.17.0.201812190825/tools/compiler/bin/../lib/gcc/arm-none-eabi/7.3.1/../../../../arm-none-eabi/lib/thumb/v6-m\libc.a(lib_a-mlock.o)
                0x08005058                __malloc_unlock
 .text._open_r  0x08005068       0x28 c:/ac6/systemworkbench/plugins/fr.ac6.mcu.externaltools.arm-none.win32_1.17.0.201812190825/tools/compiler/bin/../lib/gcc/arm-none-eabi/7.3.1/../../../../arm-none-eabi/lib/thumb/v6-m\libc.a(lib_a-openr.o)
                0x08005068                _open_r
 .text._puts_r  0x08005090       0xa0 c:/ac6/systemworkbench/plugins/fr.ac6.mcu.externaltools.arm-none.win32_1.17.0.201812190825/tools/compiler/bin/../lib/gcc/arm-none-eabi/7.3.1/../../../../arm-none-eabi/lib/thumb/v6-m\libc.a(lib_a-puts.o)
                0x08005090                _puts_r
 .text.puts     0x08005130       0x14 c:/ac6/systemworkbench/plugins/fr.ac6.mcu.externaltools.arm-none.win32_1.17.0.201812190825/tools/compiler/bin/../lib/gcc/arm-none-eabi/7.3.1/../../../../arm-none-eabi/lib/thumb/v6-m\libc.a(lib_a-puts.o)
                0x08005130                puts
 .text.lflush   0x08005144       0x1c c:/ac6/systemworkbench/plugins/fr.ac6.mcu.externaltools.arm-none.win32_1.17.0.201812190825/tools/compiler/bin/../lib/gcc/arm-none-eabi/7.3.1/../../../../arm-none-eabi/lib/thumb/v6-m\libc.a(lib_a-refill.o)
 .text.__srefill_r
                0x08005160      0x124 c:/ac6/systemworkbench/plugins/fr.ac6.mcu.externaltools.arm-none.win32_1.17.0.201812190825/tools/compiler/bin/../lib/gcc/arm-none-eabi/7.3.1/../../../../arm-none-eabi/lib/thumb/v6-m\libc.a(lib_a-refill.o)
                0x08005160                __srefill_r
 .text._sbrk_r  0x08005284       0x24 c:/ac6/systemworkbench/plugins/fr.ac6.mcu.externaltools.arm-none.win32_1.17.0.201812190825/tools/compiler/bin/../lib/gcc/arm-none-eabi/7.3.1/../../../../arm-none-eabi/lib/thumb/v6-m\libc.a(lib_a-sbrkr.o)
                0x08005284                _sbrk_r
 .text.sprintf  0x080052a8       0x40 c:/ac6/systemworkbench/plugins/fr.ac6.mcu.externaltools.arm-none.win32_1.17.0.201812190825/tools/compiler/bin/../lib/gcc/arm-none-eabi/7.3.1/../../../../arm-none-eabi/lib/thumb/v6-m\libc.a(lib_a-sprintf.o)
                0x080052a8                sprintf
 .text.__sread  0x080052e8       0x28 c:/ac6/systemworkbench/plugins/fr.ac6.mcu.externaltools.arm-none.win32_1.17.0.201812190825/tools/compiler/bin/../lib/gcc/arm-none-eabi/7.3.1/../../../../arm-none-eabi/lib/thumb/v6-m\libc.a(lib_a-stdio.o)
                0x080052e8                __sread
 .text.__swrite
                0x08005310       0x3c c:/ac6/systemworkbench/plugins/fr.ac6.mcu.externaltools.arm-none.win32_1.17.0.201812190825/tools/compiler/bin/../lib/gcc/arm-none-eabi/7.3.1/../../../../arm-none-eabi/lib/thumb/v6-m\libc.a(lib_a-stdio.o)
                0x08005310                __swrite
 .text.__sseek  0x0800534c       0x2c c:/ac6/systemworkbench/plugins/fr.ac6.mcu.externaltools.arm-none.win32_1.17.0.201812190825/tools/compiler/bin/../lib/gcc/arm-none-eabi/7.3.1/../../../../arm-none-eabi/lib/thumb/v6-m\libc.a(lib_a-stdio.o)
                0x0800534c                __sseek
 .text.__sclose
                0x08005378        0xc c:/ac6/systemworkbench/plugins/fr.ac6.mcu.externaltools.arm-none.win32_1.17.0.201812190825/tools/compiler/bin/../lib/gcc/arm-none-eabi/7.3.1/../../../../arm-none-eabi/lib/thumb/v6-m\libc.a(lib_a-stdio.o)
                0x08005378                __sclose
 .text.strlen   0x08005384       0x64 c:/ac6/systemworkbench/plugins/fr.ac6.mcu.externaltools.arm-none.win32_1.17.0.201812190825/tools/compiler/bin/../lib/gcc/arm-none-eabi/7.3.1/../../../../arm-none-eabi/lib/thumb/v6-m\libc.a(lib_a-strlen-stub.o)
                0x08005384                strlen
 .text._svfprintf_r
                0x080053e8     0x1b6c c:/ac6/systemworkbench/plugins/fr.ac6.mcu.externaltools.arm-none.win32_1.17.0.201812190825/tools/compiler/bin/../lib/gcc/arm-none-eabi/7.3.1/../../../../arm-none-eabi/lib/thumb/v6-m\libc.a(lib_a-svfprintf.o)
                0x080053e8                _svfprintf_r
 .text._write_r
                0x08006f54       0x28 c:/ac6/systemworkbench/plugins/fr.ac6.mcu.externaltools.arm-none.win32_1.17.0.201812190825/tools/compiler/bin/../lib/gcc/arm-none-eabi/7.3.1/../../../../arm-none-eabi/lib/thumb/v6-m\libc.a(lib_a-writer.o)
                0x08006f54                _write_r
 .text.__swsetup_r
                0x08006f7c       0xd4 c:/ac6/systemworkbench/plugins/fr.ac6.mcu.externaltools.arm-none.win32_1.17.0.201812190825/tools/compiler/bin/../lib/gcc/arm-none-eabi/7.3.1/../../../../arm-none-eabi/lib/thumb/v6-m\libc.a(lib_a-wsetup.o)
                0x08006f7c                __swsetup_r
 .text.startup.register_fini
                0x08007050       0x18 c:/ac6/systemworkbench/plugins/fr.ac6.mcu.externaltools.arm-none.win32_1.17.0.201812190825/tools/compiler/bin/../lib/gcc/arm-none-eabi/7.3.1/../../../../arm-none-eabi/lib/thumb/v6-m\libc.a(lib_a-__call_atexit.o)
 .text.atexit   0x08007068       0x10 c:/ac6/systemworkbench/plugins/fr.ac6.mcu.externaltools.arm-none.win32_1.17.0.201812190825/tools/compiler/bin/../lib/gcc/arm-none-eabi/7.3.1/../../../../arm-none-eabi/lib/thumb/v6-m\libc.a(lib_a-atexit.o)
                0x08007068                atexit
 .text._close_r
                0x08007078       0x24 c:/ac6/systemworkbench/plugins/fr.ac6.mcu.externaltools.arm-none.win32_1.17.0.201812190825/tools/compiler/bin/../lib/gcc/arm-none-eabi/7.3.1/../../../../arm-none-eabi/lib/thumb/v6-m\libc.a(lib_a-closer.o)
                0x08007078                _close_r
 .text.quorem   0x0800709c      0x154 c:/ac6/systemworkbench/plugins/fr.ac6.mcu.externaltools.arm-none.win32_1.17.0.201812190825/tools/compiler/bin/../lib/gcc/arm-none-eabi/7.3.1/../../../../arm-none-eabi/lib/thumb/v6-m\libc.a(lib_a-dtoa.o)
 .text._dtoa_r  0x080071f0      0xf4c c:/ac6/systemworkbench/plugins/fr.ac6.mcu.externaltools.arm-none.win32_1.17.0.201812190825/tools/compiler/bin/../lib/gcc/arm-none-eabi/7.3.1/../../../../arm-none-eabi/lib/thumb/v6-m\libc.a(lib_a-dtoa.o)
                0x080071f0                _dtoa_r
 .text.__libc_fini_array
                0x0800813c       0x34 c:/ac6/systemworkbench/plugins/fr.ac6.mcu.externaltools.arm-none.win32_1.17.0.201812190825/tools/compiler/bin/../lib/gcc/arm-none-eabi/7.3.1/../../../../arm-none-eabi/lib/thumb/v6-m\libc.a(lib_a-fini.o)
                0x0800813c                __libc_fini_array
 .text.__sflags
                0x08008170       0x9c c:/ac6/systemworkbench/plugins/fr.ac6.mcu.externaltools.arm-none.win32_1.17.0.201812190825/tools/compiler/bin/../lib/gcc/arm-none-eabi/7.3.1/../../../../arm-none-eabi/lib/thumb/v6-m\libc.a(lib_a-flags.o)
                0x08008170                __sflags
 .text.__sfvwrite_r
                0x0800820c      0x2fc c:/ac6/systemworkbench/plugins/fr.ac6.mcu.externaltools.arm-none.win32_1.17.0.201812190825/tools/compiler/bin/../lib/gcc/arm-none-eabi/7.3.1/../../../../arm-none-eabi/lib/thumb/v6-m\libc.a(lib_a-fvwrite.o)
                0x0800820c                __sfvwrite_r
 .text._isatty_r
                0x08008508       0x24 c:/ac6/systemworkbench/plugins/fr.ac6.mcu.externaltools.arm-none.win32_1.17.0.201812190825/tools/compiler/bin/../lib/gcc/arm-none-eabi/7.3.1/../../../../arm-none-eabi/lib/thumb/v6-m\libc.a(lib_a-isattyr.o)
                0x08008508                _isatty_r
 .text._localeconv_r
                0x0800852c       0x18 c:/ac6/systemworkbench/plugins/fr.ac6.mcu.externaltools.arm-none.win32_1.17.0.201812190825/tools/compiler/bin/../lib/gcc/arm-none-eabi/7.3.1/../../../../arm-none-eabi/lib/thumb/v6-m\libc.a(lib_a-localeconv.o)
                0x0800852c                _localeconv_r
 .text._lseek_r
                0x08008544       0x28 c:/ac6/systemworkbench/plugins/fr.ac6.mcu.externaltools.arm-none.win32_1.17.0.201812190825/tools/compiler/bin/../lib/gcc/arm-none-eabi/7.3.1/../../../../arm-none-eabi/lib/thumb/v6-m\libc.a(lib_a-lseekr.o)
                0x08008544                _lseek_r
 .text.memchr   0x0800856c       0x80 c:/ac6/systemworkbench/plugins/fr.ac6.mcu.externaltools.arm-none.win32_1.17.0.201812190825/tools/compiler/bin/../lib/gcc/arm-none-eabi/7.3.1/../../../../arm-none-eabi/lib/thumb/v6-m\libc.a(lib_a-memchr-stub.o)
                0x0800856c                memchr
 .text.memmove  0x080085ec       0x9c c:/ac6/systemworkbench/plugins/fr.ac6.mcu.externaltools.arm-none.win32_1.17.0.201812190825/tools/compiler/bin/../lib/gcc/arm-none-eabi/7.3.1/../../../../arm-none-eabi/lib/thumb/v6-m\libc.a(lib_a-memmove.o)
                0x080085ec                memmove
 .text._Balloc  0x08008688       0x50 c:/ac6/systemworkbench/plugins/fr.ac6.mcu.externaltools.arm-none.win32_1.17.0.201812190825/tools/compiler/bin/../lib/gcc/arm-none-eabi/7.3.1/../../../../arm-none-eabi/lib/thumb/v6-m\libc.a(lib_a-mprec.o)
                0x08008688                _Balloc
 .text._Bfree   0x080086d8       0x14 c:/ac6/systemworkbench/plugins/fr.ac6.mcu.externaltools.arm-none.win32_1.17.0.201812190825/tools/compiler/bin/../lib/gcc/arm-none-eabi/7.3.1/../../../../arm-none-eabi/lib/thumb/v6-m\libc.a(lib_a-mprec.o)
                0x080086d8                _Bfree
 .text.__multadd
                0x080086ec       0x8c c:/ac6/systemworkbench/plugins/fr.ac6.mcu.externaltools.arm-none.win32_1.17.0.201812190825/tools/compiler/bin/../lib/gcc/arm-none-eabi/7.3.1/../../../../arm-none-eabi/lib/thumb/v6-m\libc.a(lib_a-mprec.o)
                0x080086ec                __multadd
 .text.__hi0bits
                0x08008778       0x38 c:/ac6/systemworkbench/plugins/fr.ac6.mcu.externaltools.arm-none.win32_1.17.0.201812190825/tools/compiler/bin/../lib/gcc/arm-none-eabi/7.3.1/../../../../arm-none-eabi/lib/thumb/v6-m\libc.a(lib_a-mprec.o)
                0x08008778                __hi0bits
 .text.__lo0bits
                0x080087b0       0x5c c:/ac6/systemworkbench/plugins/fr.ac6.mcu.externaltools.arm-none.win32_1.17.0.201812190825/tools/compiler/bin/../lib/gcc/arm-none-eabi/7.3.1/../../../../arm-none-eabi/lib/thumb/v6-m\libc.a(lib_a-mprec.o)
                0x080087b0                __lo0bits
 .text.__i2b    0x0800880c       0x14 c:/ac6/systemworkbench/plugins/fr.ac6.mcu.externaltools.arm-none.win32_1.17.0.201812190825/tools/compiler/bin/../lib/gcc/arm-none-eabi/7.3.1/../../../../arm-none-eabi/lib/thumb/v6-m\libc.a(lib_a-mprec.o)
                0x0800880c                __i2b
 .text.__multiply
                0x08008820      0x178 c:/ac6/systemworkbench/plugins/fr.ac6.mcu.externaltools.arm-none.win32_1.17.0.201812190825/tools/compiler/bin/../lib/gcc/arm-none-eabi/7.3.1/../../../../arm-none-eabi/lib/thumb/v6-m\libc.a(lib_a-mprec.o)
                0x08008820                __multiply
 .text.__pow5mult
                0x08008998       0xc0 c:/ac6/systemworkbench/plugins/fr.ac6.mcu.externaltools.arm-none.win32_1.17.0.201812190825/tools/compiler/bin/../lib/gcc/arm-none-eabi/7.3.1/../../../../arm-none-eabi/lib/thumb/v6-m\libc.a(lib_a-mprec.o)
                0x08008998                __pow5mult
 .text.__lshift
                0x08008a58       0xc8 c:/ac6/systemworkbench/plugins/fr.ac6.mcu.externaltools.arm-none.win32_1.17.0.201812190825/tools/compiler/bin/../lib/gcc/arm-none-eabi/7.3.1/../../../../arm-none-eabi/lib/thumb/v6-m\libc.a(lib_a-mprec.o)
                0x08008a58                __lshift
 .text.__mcmp   0x08008b20       0x34 c:/ac6/systemworkbench/plugins/fr.ac6.mcu.externaltools.arm-none.win32_1.17.0.201812190825/tools/compiler/bin/../lib/gcc/arm-none-eabi/7.3.1/../../../../arm-none-eabi/lib/thumb/v6-m\libc.a(lib_a-mprec.o)
                0x08008b20                __mcmp
 .text.__mdiff  0x08008b54      0x124 c:/ac6/systemworkbench/plugins/fr.ac6.mcu.externaltools.arm-none.win32_1.17.0.201812190825/tools/compiler/bin/../lib/gcc/arm-none-eabi/7.3.1/../../../../arm-none-eabi/lib/thumb/v6-m\libc.a(lib_a-mprec.o)
                0x08008b54                __mdiff
 .text.__d2b    0x08008c78       0xbc c:/ac6/systemworkbench/plugins/fr.ac6.mcu.externaltools.arm-none.win32_1.17.0.201812190825/tools/compiler/bin/../lib/gcc/arm-none-eabi/7.3.1/../../../../arm-none-eabi/lib/thumb/v6-m\libc.a(lib_a-mprec.o)
                0x08008c78                __d2b
 .text._read_r  0x08008d34       0x28 c:/ac6/systemworkbench/plugins/fr.ac6.mcu.externaltools.arm-none.win32_1.17.0.201812190825/tools/compiler/bin/../lib/gcc/arm-none-eabi/7.3.1/../../../../arm-none-eabi/lib/thumb/v6-m\libc.a(lib_a-readr.o)
                0x08008d34                _read_r
 .text._realloc_r
                0x08008d5c      0x3b0 c:/ac6/systemworkbench/plugins/fr.ac6.mcu.externaltools.arm-none.win32_1.17.0.201812190825/tools/compiler/bin/../lib/gcc/arm-none-eabi/7.3.1/../../../../arm-none-eabi/lib/thumb/v6-m\libc.a(lib_a-reallocr.o)
                0x08008d5c                _realloc_r
 .text.frexp    0x0800910c       0x64 c:/ac6/systemworkbench/plugins/fr.ac6.mcu.externaltools.arm-none.win32_1.17.0.201812190825/tools/compiler/bin/../lib/gcc/arm-none-eabi/7.3.1/../../../../arm-none-eabi/lib/thumb/v6-m\libc.a(lib_a-s_frexp.o)
                0x0800910c                frexp
 .text.strncpy  0x08009170       0x8c c:/ac6/systemworkbench/plugins/fr.ac6.mcu.externaltools.arm-none.win32_1.17.0.201812190825/tools/compiler/bin/../lib/gcc/arm-none-eabi/7.3.1/../../../../arm-none-eabi/lib/thumb/v6-m\libc.a(lib_a-strncpy.o)
                0x08009170                strncpy
 .text.__ssprint_r
                0x080091fc      0x118 c:/ac6/systemworkbench/plugins/fr.ac6.mcu.externaltools.arm-none.win32_1.17.0.201812190825/tools/compiler/bin/../lib/gcc/arm-none-eabi/7.3.1/../../../../arm-none-eabi/lib/thumb/v6-m\libc.a(lib_a-svfiprintf.o)
                0x080091fc                __ssprint_r
 .text.__register_exitproc
                0x08009314       0xf4 c:/ac6/systemworkbench/plugins/fr.ac6.mcu.externaltools.arm-none.win32_1.17.0.201812190825/tools/compiler/bin/../lib/gcc/arm-none-eabi/7.3.1/../../../../arm-none-eabi/lib/thumb/v6-m\libc.a(lib_a-__atexit.o)
                0x08009314                __register_exitproc
 .text._calloc_r
                0x08009408       0x58 c:/ac6/systemworkbench/plugins/fr.ac6.mcu.externaltools.arm-none.win32_1.17.0.201812190825/tools/compiler/bin/../lib/gcc/arm-none-eabi/7.3.1/../../../../arm-none-eabi/lib/thumb/v6-m\libc.a(lib_a-callocr.o)
                0x08009408                _calloc_r
 .text.__ascii_mbtowc
                0x08009460       0x2c c:/ac6/systemworkbench/plugins/fr.ac6.mcu.externaltools.arm-none.win32_1.17.0.201812190825/tools/compiler/bin/../lib/gcc/arm-none-eabi/7.3.1/../../../../arm-none-eabi/lib/thumb/v6-m\libc.a(lib_a-mbtowc_r.o)
                0x08009460                __ascii_mbtowc
 .text.__ascii_wctomb
                0x0800948c       0x1c c:/ac6/systemworkbench/plugins/fr.ac6.mcu.externaltools.arm-none.win32_1.17.0.201812190825/tools/compiler/bin/../lib/gcc/arm-none-eabi/7.3.1/../../../../arm-none-eabi/lib/thumb/v6-m\libc.a(lib_a-wctomb_r.o)
                0x0800948c                __ascii_wctomb
 *(.glue_7)
 .glue_7        0x080094a8        0x0 linker stubs
 *(.glue_7t)
 .glue_7t       0x080094a8        0x0 linker stubs
 *(.eh_frame)
 .eh_frame      0x080094a8        0x0 c:/ac6/systemworkbench/plugins/fr.ac6.mcu.externaltools.arm-none.win32_1.17.0.201812190825/tools/compiler/bin/../lib/gcc/arm-none-eabi/7.3.1/thumb/v6-m/crtbegin.o
 *(.init)
 .init          0x080094a8        0x4 c:/ac6/systemworkbench/plugins/fr.ac6.mcu.externaltools.arm-none.win32_1.17.0.201812190825/tools/compiler/bin/../lib/gcc/arm-none-eabi/7.3.1/thumb/v6-m/crti.o
                0x080094a8                _init
 .init          0x080094ac        0x8 c:/ac6/systemworkbench/plugins/fr.ac6.mcu.externaltools.arm-none.win32_1.17.0.201812190825/tools/compiler/bin/../lib/gcc/arm-none-eabi/7.3.1/thumb/v6-m/crtn.o
 *(.fini)
 .fini          0x080094b4        0x4 c:/ac6/systemworkbench/plugins/fr.ac6.mcu.externaltools.arm-none.win32_1.17.0.201812190825/tools/compiler/bin/../lib/gcc/arm-none-eabi/7.3.1/thumb/v6-m/crti.o
                0x080094b4                _fini
 .fini          0x080094b8        0x8 c:/ac6/systemworkbench/plugins/fr.ac6.mcu.externaltools.arm-none.win32_1.17.0.201812190825/tools/compiler/bin/../lib/gcc/arm-none-eabi/7.3.1/thumb/v6-m/crtn.o
                0x080094c0                . = ALIGN (0x4)
                0x080094c0                _etext = .

.vfp11_veneer   0x080094c0        0x0
 .vfp11_veneer  0x080094c0        0x0 linker stubs

.v4_bx          0x080094c0        0x0
 .v4_bx         0x080094c0        0x0 linker stubs

.iplt           0x080094c0        0x0
 .iplt          0x080094c0        0x0 c:/ac6/systemworkbench/plugins/fr.ac6.mcu.externaltools.arm-none.win32_1.17.0.201812190825/tools/compiler/bin/../lib/gcc/arm-none-eabi/7.3.1/thumb/v6-m/crtbegin.o

.rodata         0x080094c0      0x618
                0x080094c0                . = ALIGN (0x4)
 *(.rodata)
 .rodata        0x080094c0        0xe Ejacqcard/src/comm.o
 *fill*         0x080094ce        0x2 
 .rodata        0x080094d0       0x85 Ejacqcard/src/display.o
 *fill*         0x08009555        0x3 
 .rodata        0x08009558       0x79 Ejacqcard/src/process.o
 *fill*         0x080095d1        0x3 
 .rodata        0x080095d4       0x60 Ejacqcard/src/usb.o
 .rodata        0x08009634       0x27 src/main.o
 *fill*         0x0800965b        0x1 
 .rodata        0x0800965c       0x40 c:/ac6/systemworkbench/plugins/fr.ac6.mcu.externaltools.arm-none.win32_1.17.0.201812190825/tools/compiler/bin/../lib/gcc/arm-none-eabi/7.3.1/thumb/v6-m\libgcc.a(divdf3.o)
 .rodata        0x0800969c       0x40 c:/ac6/systemworkbench/plugins/fr.ac6.mcu.externaltools.arm-none.win32_1.17.0.201812190825/tools/compiler/bin/../lib/gcc/arm-none-eabi/7.3.1/thumb/v6-m\libgcc.a(muldf3.o)
 *(.rodata*)
 .rodata._global_impure_ptr
                0x080096dc        0x4 c:/ac6/systemworkbench/plugins/fr.ac6.mcu.externaltools.arm-none.win32_1.17.0.201812190825/tools/compiler/bin/../lib/gcc/arm-none-eabi/7.3.1/../../../../arm-none-eabi/lib/thumb/v6-m\libc.a(lib_a-impure.o)
                0x080096dc                _global_impure_ptr
 .rodata._puts_r.str1.4
                0x080096e0        0x2 c:/ac6/systemworkbench/plugins/fr.ac6.mcu.externaltools.arm-none.win32_1.17.0.201812190825/tools/compiler/bin/../lib/gcc/arm-none-eabi/7.3.1/../../../../arm-none-eabi/lib/thumb/v6-m\libc.a(lib_a-puts.o)
 *fill*         0x080096e2        0x2 
 .rodata._svfprintf_r
                0x080096e4      0x16c c:/ac6/systemworkbench/plugins/fr.ac6.mcu.externaltools.arm-none.win32_1.17.0.201812190825/tools/compiler/bin/../lib/gcc/arm-none-eabi/7.3.1/../../../../arm-none-eabi/lib/thumb/v6-m\libc.a(lib_a-svfprintf.o)
 .rodata._svfprintf_r.str1.4
                0x08009850       0x42 c:/ac6/systemworkbench/plugins/fr.ac6.mcu.externaltools.arm-none.win32_1.17.0.201812190825/tools/compiler/bin/../lib/gcc/arm-none-eabi/7.3.1/../../../../arm-none-eabi/lib/thumb/v6-m\libc.a(lib_a-svfprintf.o)
 *fill*         0x08009892        0x2 
 .rodata.blanks.7315
                0x08009894       0x10 c:/ac6/systemworkbench/plugins/fr.ac6.mcu.externaltools.arm-none.win32_1.17.0.201812190825/tools/compiler/bin/../lib/gcc/arm-none-eabi/7.3.1/../../../../arm-none-eabi/lib/thumb/v6-m\libc.a(lib_a-svfprintf.o)
 .rodata.zeroes.7316
                0x080098a4       0x10 c:/ac6/systemworkbench/plugins/fr.ac6.mcu.externaltools.arm-none.win32_1.17.0.201812190825/tools/compiler/bin/../lib/gcc/arm-none-eabi/7.3.1/../../../../arm-none-eabi/lib/thumb/v6-m\libc.a(lib_a-svfprintf.o)
 .rodata._dtoa_r.str1.4
                0x080098b4       0x10 c:/ac6/systemworkbench/plugins/fr.ac6.mcu.externaltools.arm-none.win32_1.17.0.201812190825/tools/compiler/bin/../lib/gcc/arm-none-eabi/7.3.1/../../../../arm-none-eabi/lib/thumb/v6-m\libc.a(lib_a-dtoa.o)
                                 0x12 (size before relaxing)
 *fill*         0x080098c4        0x4 
 .rodata.__mprec_bigtens
                0x080098c8       0x28 c:/ac6/systemworkbench/plugins/fr.ac6.mcu.externaltools.arm-none.win32_1.17.0.201812190825/tools/compiler/bin/../lib/gcc/arm-none-eabi/7.3.1/../../../../arm-none-eabi/lib/thumb/v6-m\libc.a(lib_a-mprec.o)
                0x080098c8                __mprec_bigtens
 .rodata.__mprec_tens
                0x080098f0       0xc8 c:/ac6/systemworkbench/plugins/fr.ac6.mcu.externaltools.arm-none.win32_1.17.0.201812190825/tools/compiler/bin/../lib/gcc/arm-none-eabi/7.3.1/../../../../arm-none-eabi/lib/thumb/v6-m\libc.a(lib_a-mprec.o)
                0x080098f0                __mprec_tens
 .rodata.p05.6092
                0x080099b8        0xc c:/ac6/systemworkbench/plugins/fr.ac6.mcu.externaltools.arm-none.win32_1.17.0.201812190825/tools/compiler/bin/../lib/gcc/arm-none-eabi/7.3.1/../../../../arm-none-eabi/lib/thumb/v6-m\libc.a(lib_a-mprec.o)
 .rodata._setlocale_r.str1.4
                0x080099c4        0xa c:/ac6/systemworkbench/plugins/fr.ac6.mcu.externaltools.arm-none.win32_1.17.0.201812190825/tools/compiler/bin/../lib/gcc/arm-none-eabi/7.3.1/../../../../arm-none-eabi/lib/thumb/v6-m\libc.a(lib_a-locale.o)
                                  0xd (size before relaxing)
 *fill*         0x080099ce        0x2 
 .rodata.str1.4
                0x080099d0        0x4 c:/ac6/systemworkbench/plugins/fr.ac6.mcu.externaltools.arm-none.win32_1.17.0.201812190825/tools/compiler/bin/../lib/gcc/arm-none-eabi/7.3.1/../../../../arm-none-eabi/lib/thumb/v6-m\libc.a(lib_a-locale.o)
                                  0x2 (size before relaxing)
 .rodata._ctype_
                0x080099d4      0x101 c:/ac6/systemworkbench/plugins/fr.ac6.mcu.externaltools.arm-none.win32_1.17.0.201812190825/tools/compiler/bin/../lib/gcc/arm-none-eabi/7.3.1/../../../../arm-none-eabi/lib/thumb/v6-m\libc.a(lib_a-ctype_.o)
                0x080099d4                _ctype_
                0x08009ad8                . = ALIGN (0x4)
 *fill*         0x08009ad5        0x3 

.ARM.extab
 *(.ARM.extab* .gnu.linkonce.armextab.*)

.ARM            0x08009ad8        0x8
                0x08009ad8                __exidx_start = .
 *(.ARM.exidx*)
 .ARM.exidx     0x08009ad8        0x8 c:/ac6/systemworkbench/plugins/fr.ac6.mcu.externaltools.arm-none.win32_1.17.0.201812190825/tools/compiler/bin/../lib/gcc/arm-none-eabi/7.3.1/thumb/v6-m\libgcc.a(_udivmoddi4.o)
                0x08009ae0                __exidx_end = .

.rel.dyn        0x08009ae0        0x0
 .rel.iplt      0x08009ae0        0x0 c:/ac6/systemworkbench/plugins/fr.ac6.mcu.externaltools.arm-none.win32_1.17.0.201812190825/tools/compiler/bin/../lib/gcc/arm-none-eabi/7.3.1/thumb/v6-m/crtbegin.o

.preinit_array  0x08009ae0        0x0
                0x08009ae0                PROVIDE (__preinit_array_start = .)
 *(.preinit_array*)
                0x08009ae0                PROVIDE (__preinit_array_end = .)

.init_array     0x08009ae0        0x8
                0x08009ae0                PROVIDE (__init_array_start = .)
 *(SORT_BY_NAME(.init_array.*))
 .init_array.00000
                0x08009ae0        0x4 c:/ac6/systemworkbench/plugins/fr.ac6.mcu.externaltools.arm-none.win32_1.17.0.201812190825/tools/compiler/bin/../lib/gcc/arm-none-eabi/7.3.1/../../../../arm-none-eabi/lib/thumb/v6-m\libc.a(lib_a-__call_atexit.o)
 *(.init_array*)
 .init_array    0x08009ae4        0x4 c:/ac6/systemworkbench/plugins/fr.ac6.mcu.externaltools.arm-none.win32_1.17.0.201812190825/tools/compiler/bin/../lib/gcc/arm-none-eabi/7.3.1/thumb/v6-m/crtbegin.o
                0x08009ae8                PROVIDE (__init_array_end = .)

.fini_array     0x08009ae8        0x4
                0x08009ae8                PROVIDE (__fini_array_start = .)
 *(SORT_BY_NAME(.fini_array.*))
 *(.fini_array*)
 .fini_array    0x08009ae8        0x4 c:/ac6/systemworkbench/plugins/fr.ac6.mcu.externaltools.arm-none.win32_1.17.0.201812190825/tools/compiler/bin/../lib/gcc/arm-none-eabi/7.3.1/thumb/v6-m/crtbegin.o
                0x08009aec                PROVIDE (__fini_array_end = .)
                0x08009aec                _sidata = LOADADDR (.data)

.data           0x20000000      0xa88 load address 0x08009aec
                0x20000000                . = ALIGN (0x4)
                0x20000000                _sdata = .
 *(.data)
 .data          0x20000000       0x59 Ejacqcard/src/comm.o
                0x20000000                Readbuff
                0x20000050                PalluCounter
                0x20000054                BoraderCounter
                0x20000058                cmd
 *fill*         0x20000059        0x3 
 .data          0x2000005c       0x10 Ejacqcard/src/display.o
                0x2000005c                Max_borderline_str
                0x20000064                Max_bodyline_str
 .data          0x2000006c       0x58 Ejacqcard/src/usb.o
                0x2000006c                folder
 .data          0x200000c4       0x10 StdPeriph_Driver/src/stm32f0xx_rcc.o
 .data          0x200000d4        0x4 src/main.o
                0x200000d4                gState
 *(.data*)
 .data._impure_ptr
                0x200000d8        0x4 c:/ac6/systemworkbench/plugins/fr.ac6.mcu.externaltools.arm-none.win32_1.17.0.201812190825/tools/compiler/bin/../lib/gcc/arm-none-eabi/7.3.1/../../../../arm-none-eabi/lib/thumb/v6-m\libc.a(lib_a-impure.o)
                0x200000d8                _impure_ptr
 *fill*         0x200000dc        0x4 
 .data.impure_data
                0x200000e0      0x428 c:/ac6/systemworkbench/plugins/fr.ac6.mcu.externaltools.arm-none.win32_1.17.0.201812190825/tools/compiler/bin/../lib/gcc/arm-none-eabi/7.3.1/../../../../arm-none-eabi/lib/thumb/v6-m\libc.a(lib_a-impure.o)
 .data.__malloc_av_
                0x20000508      0x408 c:/ac6/systemworkbench/plugins/fr.ac6.mcu.externaltools.arm-none.win32_1.17.0.201812190825/tools/compiler/bin/../lib/gcc/arm-none-eabi/7.3.1/../../../../arm-none-eabi/lib/thumb/v6-m\libc.a(lib_a-mallocr.o)
                0x20000508                __malloc_av_
 .data.__malloc_sbrk_base
                0x20000910        0x4 c:/ac6/systemworkbench/plugins/fr.ac6.mcu.externaltools.arm-none.win32_1.17.0.201812190825/tools/compiler/bin/../lib/gcc/arm-none-eabi/7.3.1/../../../../arm-none-eabi/lib/thumb/v6-m\libc.a(lib_a-mallocr.o)
                0x20000910                __malloc_sbrk_base
 .data.__malloc_trim_threshold
                0x20000914        0x4 c:/ac6/systemworkbench/plugins/fr.ac6.mcu.externaltools.arm-none.win32_1.17.0.201812190825/tools/compiler/bin/../lib/gcc/arm-none-eabi/7.3.1/../../../../arm-none-eabi/lib/thumb/v6-m\libc.a(lib_a-mallocr.o)
                0x20000914                __malloc_trim_threshold
 .data.__atexit_recursive_mutex
                0x20000918        0x4 c:/ac6/systemworkbench/plugins/fr.ac6.mcu.externaltools.arm-none.win32_1.17.0.201812190825/tools/compiler/bin/../lib/gcc/arm-none-eabi/7.3.1/../../../../arm-none-eabi/lib/thumb/v6-m\libc.a(lib_a-__call_atexit.o)
                0x20000918                __atexit_recursive_mutex
 .data.__global_locale
                0x2000091c      0x16c c:/ac6/systemworkbench/plugins/fr.ac6.mcu.externaltools.arm-none.win32_1.17.0.201812190825/tools/compiler/bin/../lib/gcc/arm-none-eabi/7.3.1/../../../../arm-none-eabi/lib/thumb/v6-m\libc.a(lib_a-locale.o)
                0x2000091c                __global_locale
                0x20000a88                . = ALIGN (0x4)
                0x20000a88                _edata = .

.igot.plt       0x20000a88        0x0 load address 0x0800a574
 .igot.plt      0x20000a88        0x0 c:/ac6/systemworkbench/plugins/fr.ac6.mcu.externaltools.arm-none.win32_1.17.0.201812190825/tools/compiler/bin/../lib/gcc/arm-none-eabi/7.3.1/thumb/v6-m/crtbegin.o
                0x20000a88                . = ALIGN (0x4)

.bss            0x20000a88      0x230 load address 0x0800a574
                0x20000a88                _sbss = .
                0x20000a88                __bss_start__ = _sbss
 *(.bss)
 .bss           0x20000a88       0x1c c:/ac6/systemworkbench/plugins/fr.ac6.mcu.externaltools.arm-none.win32_1.17.0.201812190825/tools/compiler/bin/../lib/gcc/arm-none-eabi/7.3.1/thumb/v6-m/crtbegin.o
 .bss           0x20000aa4      0x104 Ejacqcard/src/comm.o
                0x20000aa4                RXflag
 .bss           0x20000ba8       0xa0 Ejacqcard/src/process.o
 .bss           0x20000c48        0xc Ejacqcard/src/usb.o
                0x20000c48                EXTI0Flag
 .bss           0x20000c54        0x8 src/syscalls.o
                0x20000c54                __env
 *(.bss*)
 .bss.__malloc_current_mallinfo
                0x20000c5c       0x28 c:/ac6/systemworkbench/plugins/fr.ac6.mcu.externaltools.arm-none.win32_1.17.0.201812190825/tools/compiler/bin/../lib/gcc/arm-none-eabi/7.3.1/../../../../arm-none-eabi/lib/thumb/v6-m\libc.a(lib_a-mallocr.o)
                0x20000c5c                __malloc_current_mallinfo
 .bss.__malloc_max_sbrked_mem
                0x20000c84        0x4 c:/ac6/systemworkbench/plugins/fr.ac6.mcu.externaltools.arm-none.win32_1.17.0.201812190825/tools/compiler/bin/../lib/gcc/arm-none-eabi/7.3.1/../../../../arm-none-eabi/lib/thumb/v6-m\libc.a(lib_a-mallocr.o)
                0x20000c84                __malloc_max_sbrked_mem
 .bss.__malloc_max_total_mem
                0x20000c88        0x4 c:/ac6/systemworkbench/plugins/fr.ac6.mcu.externaltools.arm-none.win32_1.17.0.201812190825/tools/compiler/bin/../lib/gcc/arm-none-eabi/7.3.1/../../../../arm-none-eabi/lib/thumb/v6-m\libc.a(lib_a-mallocr.o)
                0x20000c88                __malloc_max_total_mem
 .bss.__malloc_top_pad
                0x20000c8c        0x4 c:/ac6/systemworkbench/plugins/fr.ac6.mcu.externaltools.arm-none.win32_1.17.0.201812190825/tools/compiler/bin/../lib/gcc/arm-none-eabi/7.3.1/../../../../arm-none-eabi/lib/thumb/v6-m\libc.a(lib_a-mallocr.o)
                0x20000c8c                __malloc_top_pad
 *(COMMON)
 COMMON         0x20000c90       0x21 c:/ac6/systemworkbench/plugins/fr.ac6.mcu.externaltools.arm-none.win32_1.17.0.201812190825/tools/compiler/bin/../lib/gcc/arm-none-eabi/7.3.1/../../../../arm-none-eabi/lib/thumb/v6-m\libc.a(lib_a-lock.o)
                0x20000c90                __lock___atexit_recursive_mutex
                0x20000c94                __lock___arc4random_mutex
                0x20000c98                __lock___env_recursive_mutex
                0x20000c9c                __lock___sinit_recursive_mutex
                0x20000ca0                __lock___malloc_recursive_mutex
                0x20000ca4                __lock___at_quick_exit_mutex
                0x20000ca8                __lock___dd_hash_mutex
                0x20000cac                __lock___tz_mutex
                0x20000cb0                __lock___sfp_recursive_mutex
 *fill*         0x20000cb1        0x3 
 COMMON         0x20000cb4        0x4 c:/ac6/systemworkbench/plugins/fr.ac6.mcu.externaltools.arm-none.win32_1.17.0.201812190825/tools/compiler/bin/../lib/gcc/arm-none-eabi/7.3.1/../../../../arm-none-eabi/lib/thumb/v6-m\libc.a(lib_a-reent.o)
                0x20000cb4                errno
                0x20000cb8                . = ALIGN (0x4)
                0x20000cb8                _ebss = .
                0x20000cb8                __bss_end__ = _ebss

._user_heap_stack
                0x20000cb8      0x600 load address 0x0800a574
                0x20000cb8                . = ALIGN (0x8)
                0x20000cb8                PROVIDE (end = .)
                [!provide]                PROVIDE (_end = .)
                0x20000eb8                . = (. + _Min_Heap_Size)
 *fill*         0x20000cb8      0x200 
                0x200012b8                . = (. + _Min_Stack_Size)
 *fill*         0x20000eb8      0x400 
                0x200012b8                . = ALIGN (0x8)

.memory_b1_text
 *(.mb1text)
 *(.mb1text*)
 *(.mb1rodata)
 *(.mb1rodata*)

/DISCARD/
 libc.a(*)
 libm.a(*)
 libgcc.a(*)

.ARM.attributes
                0x00000000       0x28
 *(.ARM.attributes)
 .ARM.attributes
                0x00000000       0x1e c:/ac6/systemworkbench/plugins/fr.ac6.mcu.externaltools.arm-none.win32_1.17.0.201812190825/tools/compiler/bin/../lib/gcc/arm-none-eabi/7.3.1/thumb/v6-m/crti.o
 .ARM.attributes
                0x0000001e       0x2c c:/ac6/systemworkbench/plugins/fr.ac6.mcu.externaltools.arm-none.win32_1.17.0.201812190825/tools/compiler/bin/../lib/gcc/arm-none-eabi/7.3.1/thumb/v6-m/crtbegin.o
 .ARM.attributes
                0x0000004a       0x31 Ejacqcard/src/comm.o
 .ARM.attributes
                0x0000007b       0x31 Ejacqcard/src/display.o
 .ARM.attributes
                0x000000ac       0x31 Ejacqcard/src/keypad.o
 .ARM.attributes
                0x000000dd       0x31 Ejacqcard/src/process.o
 .ARM.attributes
                0x0000010e       0x31 Ejacqcard/src/usb.o
 .ARM.attributes
                0x0000013f       0x31 StdPeriph_Driver/src/stm32f0xx_gpio.o
 .ARM.attributes
                0x00000170       0x31 StdPeriph_Driver/src/stm32f0xx_misc.o
 .ARM.attributes
                0x000001a1       0x31 StdPeriph_Driver/src/stm32f0xx_rcc.o
 .ARM.attributes
                0x000001d2       0x31 StdPeriph_Driver/src/stm32f0xx_usart.o
 .ARM.attributes
                0x00000203       0x31 src/main.o
 .ARM.attributes
                0x00000234       0x31 src/syscalls.o
 .ARM.attributes
                0x00000265       0x31 src/system_stm32f0xx.o
 .ARM.attributes
                0x00000296       0x21 startup/startup_stm32f030x8.o
 .ARM.attributes
                0x000002b7       0x1e c:/ac6/systemworkbench/plugins/fr.ac6.mcu.externaltools.arm-none.win32_1.17.0.201812190825/tools/compiler/bin/../lib/gcc/arm-none-eabi/7.3.1/thumb/v6-m\libgcc.a(_udivsi3.o)
 .ARM.attributes
                0x000002d5       0x1e c:/ac6/systemworkbench/plugins/fr.ac6.mcu.externaltools.arm-none.win32_1.17.0.201812190825/tools/compiler/bin/../lib/gcc/arm-none-eabi/7.3.1/thumb/v6-m\libgcc.a(_dvmd_tls.o)
 .ARM.attributes
                0x000002f3       0x2c c:/ac6/systemworkbench/plugins/fr.ac6.mcu.externaltools.arm-none.win32_1.17.0.201812190825/tools/compiler/bin/../lib/gcc/arm-none-eabi/7.3.1/../../../../arm-none-eabi/lib/thumb/v6-m\libc.a(lib_a-errno.o)
 .ARM.attributes
                0x0000031f       0x2c c:/ac6/systemworkbench/plugins/fr.ac6.mcu.externaltools.arm-none.win32_1.17.0.201812190825/tools/compiler/bin/../lib/gcc/arm-none-eabi/7.3.1/../../../../arm-none-eabi/lib/thumb/v6-m\libc.a(lib_a-fclose.o)
 .ARM.attributes
                0x0000034b       0x2c c:/ac6/systemworkbench/plugins/fr.ac6.mcu.externaltools.arm-none.win32_1.17.0.201812190825/tools/compiler/bin/../lib/gcc/arm-none-eabi/7.3.1/../../../../arm-none-eabi/lib/thumb/v6-m\libc.a(lib_a-fflush.o)
 .ARM.attributes
                0x00000377       0x2c c:/ac6/systemworkbench/plugins/fr.ac6.mcu.externaltools.arm-none.win32_1.17.0.201812190825/tools/compiler/bin/../lib/gcc/arm-none-eabi/7.3.1/../../../../arm-none-eabi/lib/thumb/v6-m\libc.a(lib_a-findfp.o)
 .ARM.attributes
                0x000003a3       0x2c c:/ac6/systemworkbench/plugins/fr.ac6.mcu.externaltools.arm-none.win32_1.17.0.201812190825/tools/compiler/bin/../lib/gcc/arm-none-eabi/7.3.1/../../../../arm-none-eabi/lib/thumb/v6-m\libc.a(lib_a-fopen.o)
 .ARM.attributes
                0x000003cf       0x2c c:/ac6/systemworkbench/plugins/fr.ac6.mcu.externaltools.arm-none.win32_1.17.0.201812190825/tools/compiler/bin/../lib/gcc/arm-none-eabi/7.3.1/../../../../arm-none-eabi/lib/thumb/v6-m\libc.a(lib_a-fread.o)
 .ARM.attributes
                0x000003fb       0x2c c:/ac6/systemworkbench/plugins/fr.ac6.mcu.externaltools.arm-none.win32_1.17.0.201812190825/tools/compiler/bin/../lib/gcc/arm-none-eabi/7.3.1/../../../../arm-none-eabi/lib/thumb/v6-m\libc.a(lib_a-freer.o)
 .ARM.attributes
                0x00000427       0x2c c:/ac6/systemworkbench/plugins/fr.ac6.mcu.externaltools.arm-none.win32_1.17.0.201812190825/tools/compiler/bin/../lib/gcc/arm-none-eabi/7.3.1/../../../../arm-none-eabi/lib/thumb/v6-m\libc.a(lib_a-fseek.o)
 .ARM.attributes
                0x00000453       0x2c c:/ac6/systemworkbench/plugins/fr.ac6.mcu.externaltools.arm-none.win32_1.17.0.201812190825/tools/compiler/bin/../lib/gcc/arm-none-eabi/7.3.1/../../../../arm-none-eabi/lib/thumb/v6-m\libc.a(lib_a-fseeko.o)
 .ARM.attributes
                0x0000047f       0x2c c:/ac6/systemworkbench/plugins/fr.ac6.mcu.externaltools.arm-none.win32_1.17.0.201812190825/tools/compiler/bin/../lib/gcc/arm-none-eabi/7.3.1/../../../../arm-none-eabi/lib/thumb/v6-m\libc.a(lib_a-fstatr.o)
 .ARM.attributes
                0x000004ab       0x2c c:/ac6/systemworkbench/plugins/fr.ac6.mcu.externaltools.arm-none.win32_1.17.0.201812190825/tools/compiler/bin/../lib/gcc/arm-none-eabi/7.3.1/../../../../arm-none-eabi/lib/thumb/v6-m\libc.a(lib_a-fwalk.o)
 .ARM.attributes
                0x000004d7       0x2c c:/ac6/systemworkbench/plugins/fr.ac6.mcu.externaltools.arm-none.win32_1.17.0.201812190825/tools/compiler/bin/../lib/gcc/arm-none-eabi/7.3.1/../../../../arm-none-eabi/lib/thumb/v6-m\libc.a(lib_a-impure.o)
 .ARM.attributes
                0x00000503       0x2c c:/ac6/systemworkbench/plugins/fr.ac6.mcu.externaltools.arm-none.win32_1.17.0.201812190825/tools/compiler/bin/../lib/gcc/arm-none-eabi/7.3.1/../../../../arm-none-eabi/lib/thumb/v6-m\libc.a(lib_a-init.o)
 .ARM.attributes
                0x0000052f       0x2c c:/ac6/systemworkbench/plugins/fr.ac6.mcu.externaltools.arm-none.win32_1.17.0.201812190825/tools/compiler/bin/../lib/gcc/arm-none-eabi/7.3.1/../../../../arm-none-eabi/lib/thumb/v6-m\libc.a(lib_a-lock.o)
 .ARM.attributes
                0x0000055b       0x2c c:/ac6/systemworkbench/plugins/fr.ac6.mcu.externaltools.arm-none.win32_1.17.0.201812190825/tools/compiler/bin/../lib/gcc/arm-none-eabi/7.3.1/../../../../arm-none-eabi/lib/thumb/v6-m\libc.a(lib_a-makebuf.o)
 .ARM.attributes
                0x00000587       0x2c c:/ac6/systemworkbench/plugins/fr.ac6.mcu.externaltools.arm-none.win32_1.17.0.201812190825/tools/compiler/bin/../lib/gcc/arm-none-eabi/7.3.1/../../../../arm-none-eabi/lib/thumb/v6-m\libc.a(lib_a-malloc.o)
 .ARM.attributes
                0x000005b3       0x2c c:/ac6/systemworkbench/plugins/fr.ac6.mcu.externaltools.arm-none.win32_1.17.0.201812190825/tools/compiler/bin/../lib/gcc/arm-none-eabi/7.3.1/../../../../arm-none-eabi/lib/thumb/v6-m\libc.a(lib_a-mallocr.o)
 .ARM.attributes
                0x000005df       0x2c c:/ac6/systemworkbench/plugins/fr.ac6.mcu.externaltools.arm-none.win32_1.17.0.201812190825/tools/compiler/bin/../lib/gcc/arm-none-eabi/7.3.1/../../../../arm-none-eabi/lib/thumb/v6-m\libc.a(lib_a-memcpy-stub.o)
 .ARM.attributes
                0x0000060b       0x2c c:/ac6/systemworkbench/plugins/fr.ac6.mcu.externaltools.arm-none.win32_1.17.0.201812190825/tools/compiler/bin/../lib/gcc/arm-none-eabi/7.3.1/../../../../arm-none-eabi/lib/thumb/v6-m\libc.a(lib_a-memset.o)
 .ARM.attributes
                0x00000637       0x2c c:/ac6/systemworkbench/plugins/fr.ac6.mcu.externaltools.arm-none.win32_1.17.0.201812190825/tools/compiler/bin/../lib/gcc/arm-none-eabi/7.3.1/../../../../arm-none-eabi/lib/thumb/v6-m\libc.a(lib_a-mlock.o)
 .ARM.attributes
                0x00000663       0x2c c:/ac6/systemworkbench/plugins/fr.ac6.mcu.externaltools.arm-none.win32_1.17.0.201812190825/tools/compiler/bin/../lib/gcc/arm-none-eabi/7.3.1/../../../../arm-none-eabi/lib/thumb/v6-m\libc.a(lib_a-openr.o)
 .ARM.attributes
                0x0000068f       0x2c c:/ac6/systemworkbench/plugins/fr.ac6.mcu.externaltools.arm-none.win32_1.17.0.201812190825/tools/compiler/bin/../lib/gcc/arm-none-eabi/7.3.1/../../../../arm-none-eabi/lib/thumb/v6-m\libc.a(lib_a-puts.o)
 .ARM.attributes
                0x000006bb       0x2c c:/ac6/systemworkbench/plugins/fr.ac6.mcu.externaltools.arm-none.win32_1.17.0.201812190825/tools/compiler/bin/../lib/gcc/arm-none-eabi/7.3.1/../../../../arm-none-eabi/lib/thumb/v6-m\libc.a(lib_a-reent.o)
 .ARM.attributes
                0x000006e7       0x2c c:/ac6/systemworkbench/plugins/fr.ac6.mcu.externaltools.arm-none.win32_1.17.0.201812190825/tools/compiler/bin/../lib/gcc/arm-none-eabi/7.3.1/../../../../arm-none-eabi/lib/thumb/v6-m\libc.a(lib_a-refill.o)
 .ARM.attributes
                0x00000713       0x2c c:/ac6/systemworkbench/plugins/fr.ac6.mcu.externaltools.arm-none.win32_1.17.0.201812190825/tools/compiler/bin/../lib/gcc/arm-none-eabi/7.3.1/../../../../arm-none-eabi/lib/thumb/v6-m\libc.a(lib_a-sbrkr.o)
 .ARM.attributes
                0x0000073f       0x2c c:/ac6/systemworkbench/plugins/fr.ac6.mcu.externaltools.arm-none.win32_1.17.0.201812190825/tools/compiler/bin/../lib/gcc/arm-none-eabi/7.3.1/../../../../arm-none-eabi/lib/thumb/v6-m\libc.a(lib_a-sprintf.o)
 .ARM.attributes
                0x0000076b       0x2c c:/ac6/systemworkbench/plugins/fr.ac6.mcu.externaltools.arm-none.win32_1.17.0.201812190825/tools/compiler/bin/../lib/gcc/arm-none-eabi/7.3.1/../../../../arm-none-eabi/lib/thumb/v6-m\libc.a(lib_a-stdio.o)
 .ARM.attributes
                0x00000797       0x2c c:/ac6/systemworkbench/plugins/fr.ac6.mcu.externaltools.arm-none.win32_1.17.0.201812190825/tools/compiler/bin/../lib/gcc/arm-none-eabi/7.3.1/../../../../arm-none-eabi/lib/thumb/v6-m\libc.a(lib_a-strlen-stub.o)
 .ARM.attributes
                0x000007c3       0x2c c:/ac6/systemworkbench/plugins/fr.ac6.mcu.externaltools.arm-none.win32_1.17.0.201812190825/tools/compiler/bin/../lib/gcc/arm-none-eabi/7.3.1/../../../../arm-none-eabi/lib/thumb/v6-m\libc.a(lib_a-svfprintf.o)
 .ARM.attributes
                0x000007ef       0x2c c:/ac6/systemworkbench/plugins/fr.ac6.mcu.externaltools.arm-none.win32_1.17.0.201812190825/tools/compiler/bin/../lib/gcc/arm-none-eabi/7.3.1/../../../../arm-none-eabi/lib/thumb/v6-m\libc.a(lib_a-writer.o)
 .ARM.attributes
                0x0000081b       0x2c c:/ac6/systemworkbench/plugins/fr.ac6.mcu.externaltools.arm-none.win32_1.17.0.201812190825/tools/compiler/bin/../lib/gcc/arm-none-eabi/7.3.1/../../../../arm-none-eabi/lib/thumb/v6-m\libc.a(lib_a-wsetup.o)
 .ARM.attributes
                0x00000847       0x2c c:/ac6/systemworkbench/plugins/fr.ac6.mcu.externaltools.arm-none.win32_1.17.0.201812190825/tools/compiler/bin/../lib/gcc/arm-none-eabi/7.3.1/../../../../arm-none-eabi/lib/thumb/v6-m\libc.a(lib_a-__call_atexit.o)
 .ARM.attributes
                0x00000873       0x2c c:/ac6/systemworkbench/plugins/fr.ac6.mcu.externaltools.arm-none.win32_1.17.0.201812190825/tools/compiler/bin/../lib/gcc/arm-none-eabi/7.3.1/../../../../arm-none-eabi/lib/thumb/v6-m\libc.a(lib_a-atexit.o)
 .ARM.attributes
                0x0000089f       0x2c c:/ac6/systemworkbench/plugins/fr.ac6.mcu.externaltools.arm-none.win32_1.17.0.201812190825/tools/compiler/bin/../lib/gcc/arm-none-eabi/7.3.1/../../../../arm-none-eabi/lib/thumb/v6-m\libc.a(lib_a-closer.o)
 .ARM.attributes
                0x000008cb       0x2c c:/ac6/systemworkbench/plugins/fr.ac6.mcu.externaltools.arm-none.win32_1.17.0.201812190825/tools/compiler/bin/../lib/gcc/arm-none-eabi/7.3.1/../../../../arm-none-eabi/lib/thumb/v6-m\libc.a(lib_a-dtoa.o)
 .ARM.attributes
                0x000008f7       0x2c c:/ac6/systemworkbench/plugins/fr.ac6.mcu.externaltools.arm-none.win32_1.17.0.201812190825/tools/compiler/bin/../lib/gcc/arm-none-eabi/7.3.1/../../../../arm-none-eabi/lib/thumb/v6-m\libc.a(lib_a-fini.o)
 .ARM.attributes
                0x00000923       0x2c c:/ac6/systemworkbench/plugins/fr.ac6.mcu.externaltools.arm-none.win32_1.17.0.201812190825/tools/compiler/bin/../lib/gcc/arm-none-eabi/7.3.1/../../../../arm-none-eabi/lib/thumb/v6-m\libc.a(lib_a-flags.o)
 .ARM.attributes
                0x0000094f       0x2c c:/ac6/systemworkbench/plugins/fr.ac6.mcu.externaltools.arm-none.win32_1.17.0.201812190825/tools/compiler/bin/../lib/gcc/arm-none-eabi/7.3.1/../../../../arm-none-eabi/lib/thumb/v6-m\libc.a(lib_a-fvwrite.o)
 .ARM.attributes
                0x0000097b       0x2c c:/ac6/systemworkbench/plugins/fr.ac6.mcu.externaltools.arm-none.win32_1.17.0.201812190825/tools/compiler/bin/../lib/gcc/arm-none-eabi/7.3.1/../../../../arm-none-eabi/lib/thumb/v6-m\libc.a(lib_a-isattyr.o)
 .ARM.attributes
                0x000009a7       0x2c c:/ac6/systemworkbench/plugins/fr.ac6.mcu.externaltools.arm-none.win32_1.17.0.201812190825/tools/compiler/bin/../lib/gcc/arm-none-eabi/7.3.1/../../../../arm-none-eabi/lib/thumb/v6-m\libc.a(lib_a-localeconv.o)
 .ARM.attributes
                0x000009d3       0x2c c:/ac6/systemworkbench/plugins/fr.ac6.mcu.externaltools.arm-none.win32_1.17.0.201812190825/tools/compiler/bin/../lib/gcc/arm-none-eabi/7.3.1/../../../../arm-none-eabi/lib/thumb/v6-m\libc.a(lib_a-lseekr.o)
 .ARM.attributes
                0x000009ff       0x2c c:/ac6/systemworkbench/plugins/fr.ac6.mcu.externaltools.arm-none.win32_1.17.0.201812190825/tools/compiler/bin/../lib/gcc/arm-none-eabi/7.3.1/../../../../arm-none-eabi/lib/thumb/v6-m\libc.a(lib_a-memchr-stub.o)
 .ARM.attributes
                0x00000a2b       0x2c c:/ac6/systemworkbench/plugins/fr.ac6.mcu.externaltools.arm-none.win32_1.17.0.201812190825/tools/compiler/bin/../lib/gcc/arm-none-eabi/7.3.1/../../../../arm-none-eabi/lib/thumb/v6-m\libc.a(lib_a-memmove.o)
 .ARM.attributes
                0x00000a57       0x2c c:/ac6/systemworkbench/plugins/fr.ac6.mcu.externaltools.arm-none.win32_1.17.0.201812190825/tools/compiler/bin/../lib/gcc/arm-none-eabi/7.3.1/../../../../arm-none-eabi/lib/thumb/v6-m\libc.a(lib_a-mprec.o)
 .ARM.attributes
                0x00000a83       0x2c c:/ac6/systemworkbench/plugins/fr.ac6.mcu.externaltools.arm-none.win32_1.17.0.201812190825/tools/compiler/bin/../lib/gcc/arm-none-eabi/7.3.1/../../../../arm-none-eabi/lib/thumb/v6-m\libc.a(lib_a-readr.o)
 .ARM.attributes
                0x00000aaf       0x2c c:/ac6/systemworkbench/plugins/fr.ac6.mcu.externaltools.arm-none.win32_1.17.0.201812190825/tools/compiler/bin/../lib/gcc/arm-none-eabi/7.3.1/../../../../arm-none-eabi/lib/thumb/v6-m\libc.a(lib_a-reallocr.o)
 .ARM.attributes
                0x00000adb       0x2c c:/ac6/systemworkbench/plugins/fr.ac6.mcu.externaltools.arm-none.win32_1.17.0.201812190825/tools/compiler/bin/../lib/gcc/arm-none-eabi/7.3.1/../../../../arm-none-eabi/lib/thumb/v6-m\libc.a(lib_a-s_frexp.o)
 .ARM.attributes
                0x00000b07       0x2c c:/ac6/systemworkbench/plugins/fr.ac6.mcu.externaltools.arm-none.win32_1.17.0.201812190825/tools/compiler/bin/../lib/gcc/arm-none-eabi/7.3.1/../../../../arm-none-eabi/lib/thumb/v6-m\libc.a(lib_a-strncpy.o)
 .ARM.attributes
                0x00000b33       0x2c c:/ac6/systemworkbench/plugins/fr.ac6.mcu.externaltools.arm-none.win32_1.17.0.201812190825/tools/compiler/bin/../lib/gcc/arm-none-eabi/7.3.1/../../../../arm-none-eabi/lib/thumb/v6-m\libc.a(lib_a-svfiprintf.o)
 .ARM.attributes
                0x00000b5f       0x2c c:/ac6/systemworkbench/plugins/fr.ac6.mcu.externaltools.arm-none.win32_1.17.0.201812190825/tools/compiler/bin/../lib/gcc/arm-none-eabi/7.3.1/../../../../arm-none-eabi/lib/thumb/v6-m\libc.a(lib_a-__atexit.o)
 .ARM.attributes
                0x00000b8b       0x2c c:/ac6/systemworkbench/plugins/fr.ac6.mcu.externaltools.arm-none.win32_1.17.0.201812190825/tools/compiler/bin/../lib/gcc/arm-none-eabi/7.3.1/../../../../arm-none-eabi/lib/thumb/v6-m\libc.a(lib_a-callocr.o)
 .ARM.attributes
                0x00000bb7       0x2c c:/ac6/systemworkbench/plugins/fr.ac6.mcu.externaltools.arm-none.win32_1.17.0.201812190825/tools/compiler/bin/../lib/gcc/arm-none-eabi/7.3.1/../../../../arm-none-eabi/lib/thumb/v6-m\libc.a(lib_a-locale.o)
 .ARM.attributes
                0x00000be3       0x2c c:/ac6/systemworkbench/plugins/fr.ac6.mcu.externaltools.arm-none.win32_1.17.0.201812190825/tools/compiler/bin/../lib/gcc/arm-none-eabi/7.3.1/../../../../arm-none-eabi/lib/thumb/v6-m\libc.a(lib_a-mbtowc_r.o)
 .ARM.attributes
                0x00000c0f       0x2c c:/ac6/systemworkbench/plugins/fr.ac6.mcu.externaltools.arm-none.win32_1.17.0.201812190825/tools/compiler/bin/../lib/gcc/arm-none-eabi/7.3.1/../../../../arm-none-eabi/lib/thumb/v6-m\libc.a(lib_a-wctomb_r.o)
 .ARM.attributes
                0x00000c3b       0x2c c:/ac6/systemworkbench/plugins/fr.ac6.mcu.externaltools.arm-none.win32_1.17.0.201812190825/tools/compiler/bin/../lib/gcc/arm-none-eabi/7.3.1/../../../../arm-none-eabi/lib/thumb/v6-m\libc.a(lib_a-ctype_.o)
 .ARM.attributes
                0x00000c67       0x1e c:/ac6/systemworkbench/plugins/fr.ac6.mcu.externaltools.arm-none.win32_1.17.0.201812190825/tools/compiler/bin/../lib/gcc/arm-none-eabi/7.3.1/thumb/v6-m\libgcc.a(_divsi3.o)
 .ARM.attributes
                0x00000c85       0x1e c:/ac6/systemworkbench/plugins/fr.ac6.mcu.externaltools.arm-none.win32_1.17.0.201812190825/tools/compiler/bin/../lib/gcc/arm-none-eabi/7.3.1/thumb/v6-m\libgcc.a(_arm_cmpdf2.o)
 .ARM.attributes
                0x00000ca3       0x1e c:/ac6/systemworkbench/plugins/fr.ac6.mcu.externaltools.arm-none.win32_1.17.0.201812190825/tools/compiler/bin/../lib/gcc/arm-none-eabi/7.3.1/thumb/v6-m\libgcc.a(_aeabi_uldivmod.o)
 .ARM.attributes
                0x00000cc1       0x2c c:/ac6/systemworkbench/plugins/fr.ac6.mcu.externaltools.arm-none.win32_1.17.0.201812190825/tools/compiler/bin/../lib/gcc/arm-none-eabi/7.3.1/thumb/v6-m\libgcc.a(_udivmoddi4.o)
 .ARM.attributes
                0x00000ced       0x2c c:/ac6/systemworkbench/plugins/fr.ac6.mcu.externaltools.arm-none.win32_1.17.0.201812190825/tools/compiler/bin/../lib/gcc/arm-none-eabi/7.3.1/thumb/v6-m\libgcc.a(adddf3.o)
 .ARM.attributes
                0x00000d19       0x2c c:/ac6/systemworkbench/plugins/fr.ac6.mcu.externaltools.arm-none.win32_1.17.0.201812190825/tools/compiler/bin/../lib/gcc/arm-none-eabi/7.3.1/thumb/v6-m\libgcc.a(divdf3.o)
 .ARM.attributes
                0x00000d45       0x2c c:/ac6/systemworkbench/plugins/fr.ac6.mcu.externaltools.arm-none.win32_1.17.0.201812190825/tools/compiler/bin/../lib/gcc/arm-none-eabi/7.3.1/thumb/v6-m\libgcc.a(eqdf2.o)
 .ARM.attributes
                0x00000d71       0x2c c:/ac6/systemworkbench/plugins/fr.ac6.mcu.externaltools.arm-none.win32_1.17.0.201812190825/tools/compiler/bin/../lib/gcc/arm-none-eabi/7.3.1/thumb/v6-m\libgcc.a(gedf2.o)
 .ARM.attributes
                0x00000d9d       0x2c c:/ac6/systemworkbench/plugins/fr.ac6.mcu.externaltools.arm-none.win32_1.17.0.201812190825/tools/compiler/bin/../lib/gcc/arm-none-eabi/7.3.1/thumb/v6-m\libgcc.a(ledf2.o)
 .ARM.attributes
                0x00000dc9       0x2c c:/ac6/systemworkbench/plugins/fr.ac6.mcu.externaltools.arm-none.win32_1.17.0.201812190825/tools/compiler/bin/../lib/gcc/arm-none-eabi/7.3.1/thumb/v6-m\libgcc.a(muldf3.o)
 .ARM.attributes
                0x00000df5       0x2c c:/ac6/systemworkbench/plugins/fr.ac6.mcu.externaltools.arm-none.win32_1.17.0.201812190825/tools/compiler/bin/../lib/gcc/arm-none-eabi/7.3.1/thumb/v6-m\libgcc.a(subdf3.o)
 .ARM.attributes
                0x00000e21       0x2c c:/ac6/systemworkbench/plugins/fr.ac6.mcu.externaltools.arm-none.win32_1.17.0.201812190825/tools/compiler/bin/../lib/gcc/arm-none-eabi/7.3.1/thumb/v6-m\libgcc.a(unorddf2.o)
 .ARM.attributes
                0x00000e4d       0x2c c:/ac6/systemworkbench/plugins/fr.ac6.mcu.externaltools.arm-none.win32_1.17.0.201812190825/tools/compiler/bin/../lib/gcc/arm-none-eabi/7.3.1/thumb/v6-m\libgcc.a(fixdfsi.o)
 .ARM.attributes
                0x00000e79       0x2c c:/ac6/systemworkbench/plugins/fr.ac6.mcu.externaltools.arm-none.win32_1.17.0.201812190825/tools/compiler/bin/../lib/gcc/arm-none-eabi/7.3.1/thumb/v6-m\libgcc.a(floatsidf.o)
 .ARM.attributes
                0x00000ea5       0x2c c:/ac6/systemworkbench/plugins/fr.ac6.mcu.externaltools.arm-none.win32_1.17.0.201812190825/tools/compiler/bin/../lib/gcc/arm-none-eabi/7.3.1/thumb/v6-m\libgcc.a(floatunsidf.o)
 .ARM.attributes
                0x00000ed1       0x1e c:/ac6/systemworkbench/plugins/fr.ac6.mcu.externaltools.arm-none.win32_1.17.0.201812190825/tools/compiler/bin/../lib/gcc/arm-none-eabi/7.3.1/thumb/v6-m\libgcc.a(_clzsi2.o)
 .ARM.attributes
                0x00000eef       0x1e c:/ac6/systemworkbench/plugins/fr.ac6.mcu.externaltools.arm-none.win32_1.17.0.201812190825/tools/compiler/bin/../lib/gcc/arm-none-eabi/7.3.1/thumb/v6-m\libgcc.a(_clzdi2.o)
 .ARM.attributes
                0x00000f0d       0x1e c:/ac6/systemworkbench/plugins/fr.ac6.mcu.externaltools.arm-none.win32_1.17.0.201812190825/tools/compiler/bin/../lib/gcc/arm-none-eabi/7.3.1/thumb/v6-m/crtn.o
OUTPUT(Ejacqcaedproject.elf elf32-littlearm)

.debug_info     0x00000000     0x8272
 .debug_info    0x00000000      0xf88 Ejacqcard/src/comm.o
 .debug_info    0x00000f88      0xde6 Ejacqcard/src/display.o
 .debug_info    0x00001d6e      0x9ce Ejacqcard/src/keypad.o
 .debug_info    0x0000273c      0xc86 Ejacqcard/src/process.o
 .debug_info    0x000033c2     0x107c Ejacqcard/src/usb.o
 .debug_info    0x0000443e      0x5f9 StdPeriph_Driver/src/stm32f0xx_gpio.o
 .debug_info    0x00004a37      0x370 StdPeriph_Driver/src/stm32f0xx_misc.o
 .debug_info    0x00004da7      0x9bf StdPeriph_Driver/src/stm32f0xx_rcc.o
 .debug_info    0x00005766      0xe44 StdPeriph_Driver/src/stm32f0xx_usart.o
 .debug_info    0x000065aa      0xaa3 src/main.o
 .debug_info    0x0000704d      0xf2e src/syscalls.o
 .debug_info    0x00007f7b      0x2d5 src/system_stm32f0xx.o
 .debug_info    0x00008250       0x22 startup/startup_stm32f030x8.o

.debug_abbrev   0x00000000     0x19ca
 .debug_abbrev  0x00000000      0x2c8 Ejacqcard/src/comm.o
 .debug_abbrev  0x000002c8      0x2d4 Ejacqcard/src/display.o
 .debug_abbrev  0x0000059c      0x23f Ejacqcard/src/keypad.o
 .debug_abbrev  0x000007db      0x24c Ejacqcard/src/process.o
 .debug_abbrev  0x00000a27      0x30b Ejacqcard/src/usb.o
 .debug_abbrev  0x00000d32      0x19f StdPeriph_Driver/src/stm32f0xx_gpio.o
 .debug_abbrev  0x00000ed1      0x145 StdPeriph_Driver/src/stm32f0xx_misc.o
 .debug_abbrev  0x00001016      0x206 StdPeriph_Driver/src/stm32f0xx_rcc.o
 .debug_abbrev  0x0000121c      0x176 StdPeriph_Driver/src/stm32f0xx_usart.o
 .debug_abbrev  0x00001392      0x244 src/main.o
 .debug_abbrev  0x000015d6      0x2aa src/syscalls.o
 .debug_abbrev  0x00001880      0x138 src/system_stm32f0xx.o
 .debug_abbrev  0x000019b8       0x12 startup/startup_stm32f030x8.o

.debug_aranges  0x00000000      0x688
 .debug_aranges
                0x00000000       0x38 Ejacqcard/src/comm.o
 .debug_aranges
                0x00000038       0x88 Ejacqcard/src/display.o
 .debug_aranges
                0x000000c0       0x28 Ejacqcard/src/keypad.o
 .debug_aranges
                0x000000e8       0x50 Ejacqcard/src/process.o
 .debug_aranges
                0x00000138       0x80 Ejacqcard/src/usb.o
 .debug_aranges
                0x000001b8       0x80 StdPeriph_Driver/src/stm32f0xx_gpio.o
 .debug_aranges
                0x00000238       0x30 StdPeriph_Driver/src/stm32f0xx_misc.o
 .debug_aranges
                0x00000268      0x150 StdPeriph_Driver/src/stm32f0xx_rcc.o
 .debug_aranges
                0x000003b8      0x1a0 StdPeriph_Driver/src/stm32f0xx_usart.o
 .debug_aranges
                0x00000558       0x28 src/main.o
 .debug_aranges
                0x00000580       0xb0 src/syscalls.o
 .debug_aranges
                0x00000630       0x30 src/system_stm32f0xx.o
 .debug_aranges
                0x00000660       0x28 startup/startup_stm32f030x8.o

.debug_ranges   0x00000000      0x5c0
 .debug_ranges  0x00000000       0x28 Ejacqcard/src/comm.o
 .debug_ranges  0x00000028       0x78 Ejacqcard/src/display.o
 .debug_ranges  0x000000a0       0x18 Ejacqcard/src/keypad.o
 .debug_ranges  0x000000b8       0x40 Ejacqcard/src/process.o
 .debug_ranges  0x000000f8       0x70 Ejacqcard/src/usb.o
 .debug_ranges  0x00000168       0x70 StdPeriph_Driver/src/stm32f0xx_gpio.o
 .debug_ranges  0x000001d8       0x20 StdPeriph_Driver/src/stm32f0xx_misc.o
 .debug_ranges  0x000001f8      0x140 StdPeriph_Driver/src/stm32f0xx_rcc.o
 .debug_ranges  0x00000338      0x190 StdPeriph_Driver/src/stm32f0xx_usart.o
 .debug_ranges  0x000004c8       0x18 src/main.o
 .debug_ranges  0x000004e0       0xa0 src/syscalls.o
 .debug_ranges  0x00000580       0x20 src/system_stm32f0xx.o
 .debug_ranges  0x000005a0       0x20 startup/startup_stm32f030x8.o

.debug_macro    0x00000000     0xae41
 .debug_macro   0x00000000      0x3c0 Ejacqcard/src/comm.o
 .debug_macro   0x000003c0      0xa60 Ejacqcard/src/comm.o
 .debug_macro   0x00000e20       0x82 Ejacqcard/src/comm.o
 .debug_macro   0x00000ea2       0x3a Ejacqcard/src/comm.o
 .debug_macro   0x00000edc       0x22 Ejacqcard/src/comm.o
 .debug_macro   0x00000efe       0x8e Ejacqcard/src/comm.o
 .debug_macro   0x00000f8c       0x51 Ejacqcard/src/comm.o
 .debug_macro   0x00000fdd       0xef Ejacqcard/src/comm.o
 .debug_macro   0x000010cc       0x6a Ejacqcard/src/comm.o
 .debug_macro   0x00001136      0x1df Ejacqcard/src/comm.o
 .debug_macro   0x00001315       0x1f Ejacqcard/src/comm.o
 .debug_macro   0x00001334      0x242 Ejacqcard/src/comm.o
 .debug_macro   0x00001576     0x337a Ejacqcard/src/comm.o
 .debug_macro   0x000048f0      0x18b Ejacqcard/src/comm.o
 .debug_macro   0x00004a7b       0x28 Ejacqcard/src/comm.o
 .debug_macro   0x00004aa3       0xe7 Ejacqcard/src/comm.o
 .debug_macro   0x00004b8a       0x93 Ejacqcard/src/comm.o
 .debug_macro   0x00004c1d       0x70 Ejacqcard/src/comm.o
 .debug_macro   0x00004c8d      0x225 Ejacqcard/src/comm.o
 .debug_macro   0x00004eb2       0xb8 Ejacqcard/src/comm.o
 .debug_macro   0x00004f6a      0x210 Ejacqcard/src/comm.o
 .debug_macro   0x0000517a      0x185 Ejacqcard/src/comm.o
 .debug_macro   0x000052ff      0x138 Ejacqcard/src/comm.o
 .debug_macro   0x00005437      0x2a0 Ejacqcard/src/comm.o
 .debug_macro   0x000056d7       0x70 Ejacqcard/src/comm.o
 .debug_macro   0x00005747       0xb2 Ejacqcard/src/comm.o
 .debug_macro   0x000057f9      0x44c Ejacqcard/src/comm.o
 .debug_macro   0x00005c45      0x455 Ejacqcard/src/comm.o
 .debug_macro   0x0000609a      0x396 Ejacqcard/src/comm.o
 .debug_macro   0x00006430      0x750 Ejacqcard/src/comm.o
 .debug_macro   0x00006b80      0x34d Ejacqcard/src/comm.o
 .debug_macro   0x00006ecd       0x34 Ejacqcard/src/comm.o
 .debug_macro   0x00006f01       0x3a Ejacqcard/src/comm.o
 .debug_macro   0x00006f3b       0x64 Ejacqcard/src/comm.o
 .debug_macro   0x00006f9f       0x5e Ejacqcard/src/comm.o
 .debug_macro   0x00006ffd       0x18 Ejacqcard/src/comm.o
 .debug_macro   0x00007015       0x35 Ejacqcard/src/comm.o
 .debug_macro   0x0000704a       0x34 Ejacqcard/src/comm.o
 .debug_macro   0x0000707e       0x16 Ejacqcard/src/comm.o
 .debug_macro   0x00007094       0x97 Ejacqcard/src/comm.o
 .debug_macro   0x0000712b      0x330 Ejacqcard/src/comm.o
 .debug_macro   0x0000745b       0xfd Ejacqcard/src/comm.o
 .debug_macro   0x00007558       0x10 Ejacqcard/src/comm.o
 .debug_macro   0x00007568       0x58 Ejacqcard/src/comm.o
 .debug_macro   0x000075c0       0x1f Ejacqcard/src/comm.o
 .debug_macro   0x000075df       0x43 Ejacqcard/src/comm.o
 .debug_macro   0x00007622       0x20 Ejacqcard/src/comm.o
 .debug_macro   0x00007642      0x18e Ejacqcard/src/comm.o
 .debug_macro   0x000077d0       0x10 Ejacqcard/src/comm.o
 .debug_macro   0x000077e0       0x1c Ejacqcard/src/comm.o
 .debug_macro   0x000077fc       0x52 Ejacqcard/src/comm.o
 .debug_macro   0x0000784e       0x40 Ejacqcard/src/comm.o
 .debug_macro   0x0000788e       0x10 Ejacqcard/src/comm.o
 .debug_macro   0x0000789e       0x40 Ejacqcard/src/comm.o
 .debug_macro   0x000078de       0xd7 Ejacqcard/src/comm.o
 .debug_macro   0x000079b5       0x1c Ejacqcard/src/comm.o
 .debug_macro   0x000079d1       0x3d Ejacqcard/src/comm.o
 .debug_macro   0x00007a0e       0x16 Ejacqcard/src/comm.o
 .debug_macro   0x00007a24      0x16f Ejacqcard/src/comm.o
 .debug_macro   0x00007b93       0x16 Ejacqcard/src/comm.o
 .debug_macro   0x00007ba9       0x35 Ejacqcard/src/comm.o
 .debug_macro   0x00007bde       0x34 Ejacqcard/src/comm.o
 .debug_macro   0x00007c12      0x1e3 Ejacqcard/src/comm.o
 .debug_macro   0x00007df5       0x16 Ejacqcard/src/comm.o
 .debug_macro   0x00007e0b       0x10 Ejacqcard/src/comm.o
 .debug_macro   0x00007e1b       0x41 Ejacqcard/src/comm.o
 .debug_macro   0x00007e5c      0x122 Ejacqcard/src/comm.o
 .debug_macro   0x00007f7e       0x10 Ejacqcard/src/comm.o
 .debug_macro   0x00007f8e       0x16 Ejacqcard/src/comm.o
 .debug_macro   0x00007fa4      0x51a Ejacqcard/src/comm.o
 .debug_macro   0x000084be       0x10 Ejacqcard/src/comm.o
 .debug_macro   0x000084ce      0x241 Ejacqcard/src/comm.o
 .debug_macro   0x0000870f       0x10 Ejacqcard/src/comm.o
 .debug_macro   0x0000871f      0x328 Ejacqcard/src/display.o
 .debug_macro   0x00008a47       0x58 Ejacqcard/src/display.o
 .debug_macro   0x00008a9f       0x94 Ejacqcard/src/display.o
 .debug_macro   0x00008b33       0x57 Ejacqcard/src/display.o
 .debug_macro   0x00008b8a      0x21d Ejacqcard/src/keypad.o
 .debug_macro   0x00008da7       0x16 Ejacqcard/src/keypad.o
 .debug_macro   0x00008dbd       0x16 Ejacqcard/src/keypad.o
 .debug_macro   0x00008dd3       0x29 Ejacqcard/src/keypad.o
 .debug_macro   0x00008dfc      0x208 Ejacqcard/src/process.o
 .debug_macro   0x00009004      0x342 Ejacqcard/src/usb.o
 .debug_macro   0x00009346      0x17c StdPeriph_Driver/src/stm32f0xx_gpio.o
 .debug_macro   0x000094c2      0x17f StdPeriph_Driver/src/stm32f0xx_gpio.o
 .debug_macro   0x00009641      0x178 StdPeriph_Driver/src/stm32f0xx_misc.o
 .debug_macro   0x000097b9       0x34 StdPeriph_Driver/src/stm32f0xx_misc.o
 .debug_macro   0x000097ed      0x196 StdPeriph_Driver/src/stm32f0xx_rcc.o
 .debug_macro   0x00009983      0x446 StdPeriph_Driver/src/stm32f0xx_rcc.o
 .debug_macro   0x00009dc9      0x194 StdPeriph_Driver/src/stm32f0xx_usart.o
 .debug_macro   0x00009f5d      0x347 StdPeriph_Driver/src/stm32f0xx_usart.o
 .debug_macro   0x0000a2a4      0x3ca src/main.o
 .debug_macro   0x0000a66e       0x10 src/main.o
 .debug_macro   0x0000a67e       0x35 src/main.o
 .debug_macro   0x0000a6b3      0x243 src/syscalls.o
 .debug_macro   0x0000a8f6      0x174 src/syscalls.o
 .debug_macro   0x0000aa6a       0x10 src/syscalls.o
 .debug_macro   0x0000aa7a       0x1c src/syscalls.o
 .debug_macro   0x0000aa96       0x10 src/syscalls.o
 .debug_macro   0x0000aaa6      0x189 src/syscalls.o
 .debug_macro   0x0000ac2f       0x16 src/syscalls.o
 .debug_macro   0x0000ac45       0x88 src/syscalls.o
 .debug_macro   0x0000accd      0x174 src/system_stm32f0xx.o

.debug_line     0x00000000     0x585f
 .debug_line    0x00000000      0x890 Ejacqcard/src/comm.o
 .debug_line    0x00000890      0x987 Ejacqcard/src/display.o
 .debug_line    0x00001217      0x48b Ejacqcard/src/keypad.o
 .debug_line    0x000016a2      0x5a7 Ejacqcard/src/process.o
 .debug_line    0x00001c49      0x8be Ejacqcard/src/usb.o
 .debug_line    0x00002507      0x6c0 StdPeriph_Driver/src/stm32f0xx_gpio.o
 .debug_line    0x00002bc7      0x5b7 StdPeriph_Driver/src/stm32f0xx_misc.o
 .debug_line    0x0000317e      0x8ee StdPeriph_Driver/src/stm32f0xx_rcc.o
 .debug_line    0x00003a6c      0x998 StdPeriph_Driver/src/stm32f0xx_usart.o
 .debug_line    0x00004404      0x828 src/main.o
 .debug_line    0x00004c2c      0x5df src/syscalls.o
 .debug_line    0x0000520b      0x5d1 src/system_stm32f0xx.o
 .debug_line    0x000057dc       0x83 startup/startup_stm32f030x8.o

.debug_str      0x00000000    0x34856
 .debug_str     0x00000000    0x3271f Ejacqcard/src/comm.o
                              0x329fd (size before relaxing)
 .debug_str     0x0003271f      0x211 Ejacqcard/src/display.o
                              0x308ea (size before relaxing)
 .debug_str     0x00032930      0x2e4 Ejacqcard/src/keypad.o
                               0x768a (size before relaxing)
 .debug_str     0x00032c14      0x22c Ejacqcard/src/process.o
                               0x7784 (size before relaxing)
 .debug_str     0x00032e40      0x297 Ejacqcard/src/usb.o
                              0x30bed (size before relaxing)
 .debug_str     0x000330d7      0x17c StdPeriph_Driver/src/stm32f0xx_gpio.o
                              0x2c582 (size before relaxing)
 .debug_str     0x00033253       0xbb StdPeriph_Driver/src/stm32f0xx_misc.o
                              0x2c3ec (size before relaxing)
 .debug_str     0x0003330e      0x5ad StdPeriph_Driver/src/stm32f0xx_rcc.o
                              0x2c8d9 (size before relaxing)
 .debug_str     0x000338bb      0x771 StdPeriph_Driver/src/stm32f0xx_usart.o
                              0x2cb71 (size before relaxing)
 .debug_str     0x0003402c       0x21 src/main.o
                              0x3268c (size before relaxing)